Archive member included because of file (symbol)

c:/program files (x86)/atmel/atmel toolchain/arm gcc/native/4.8.1443/arm-gnu-toolchain/bin/../lib/gcc/arm-none-eabi/4.8.4/../../../../arm-none-eabi/lib/armv7-m\libc.a(lib_a-exit.o)
                              c:/program files (x86)/atmel/atmel toolchain/arm gcc/native/4.8.1443/arm-gnu-toolchain/bin/../lib/gcc/arm-none-eabi/4.8.4/../../../../arm-none-eabi/lib/armv7-m/crt0.o (exit)
c:/program files (x86)/atmel/atmel toolchain/arm gcc/native/4.8.1443/arm-gnu-toolchain/bin/../lib/gcc/arm-none-eabi/4.8.4/../../../../arm-none-eabi/lib/armv7-m\libc.a(lib_a-impure.o)
                              c:/program files (x86)/atmel/atmel toolchain/arm gcc/native/4.8.1443/arm-gnu-toolchain/bin/../lib/gcc/arm-none-eabi/4.8.4/../../../../arm-none-eabi/lib/armv7-m\libc.a(lib_a-exit.o) (_global_impure_ptr)
c:/program files (x86)/atmel/atmel toolchain/arm gcc/native/4.8.1443/arm-gnu-toolchain/bin/../lib/gcc/arm-none-eabi/4.8.4/../../../../arm-none-eabi/lib/armv7-m\libc.a(lib_a-init.o)
                              c:/program files (x86)/atmel/atmel toolchain/arm gcc/native/4.8.1443/arm-gnu-toolchain/bin/../lib/gcc/arm-none-eabi/4.8.4/../../../../arm-none-eabi/lib/armv7-m/crt0.o (__libc_init_array)
c:/program files (x86)/atmel/atmel toolchain/arm gcc/native/4.8.1443/arm-gnu-toolchain/bin/../lib/gcc/arm-none-eabi/4.8.4/../../../../arm-none-eabi/lib/armv7-m\libc.a(lib_a-iprintf.o)
                              src/ASF/sam/utils/syscalls/gcc/syscalls.o (iprintf)
c:/program files (x86)/atmel/atmel toolchain/arm gcc/native/4.8.1443/arm-gnu-toolchain/bin/../lib/gcc/arm-none-eabi/4.8.4/../../../../arm-none-eabi/lib/armv7-m\libc.a(lib_a-memset.o)
                              c:/program files (x86)/atmel/atmel toolchain/arm gcc/native/4.8.1443/arm-gnu-toolchain/bin/../lib/gcc/arm-none-eabi/4.8.4/../../../../arm-none-eabi/lib/armv7-m/crt0.o (memset)
c:/program files (x86)/atmel/atmel toolchain/arm gcc/native/4.8.1443/arm-gnu-toolchain/bin/../lib/gcc/arm-none-eabi/4.8.4/../../../../arm-none-eabi/lib/armv7-m\libc.a(lib_a-vfiprintf.o)
                              c:/program files (x86)/atmel/atmel toolchain/arm gcc/native/4.8.1443/arm-gnu-toolchain/bin/../lib/gcc/arm-none-eabi/4.8.4/../../../../arm-none-eabi/lib/armv7-m\libc.a(lib_a-iprintf.o) (_vfiprintf_r)
c:/program files (x86)/atmel/atmel toolchain/arm gcc/native/4.8.1443/arm-gnu-toolchain/bin/../lib/gcc/arm-none-eabi/4.8.4/../../../../arm-none-eabi/lib/armv7-m\libc.a(lib_a-wsetup.o)
                              c:/program files (x86)/atmel/atmel toolchain/arm gcc/native/4.8.1443/arm-gnu-toolchain/bin/../lib/gcc/arm-none-eabi/4.8.4/../../../../arm-none-eabi/lib/armv7-m\libc.a(lib_a-vfiprintf.o) (__swsetup_r)
c:/program files (x86)/atmel/atmel toolchain/arm gcc/native/4.8.1443/arm-gnu-toolchain/bin/../lib/gcc/arm-none-eabi/4.8.4/../../../../arm-none-eabi/lib/armv7-m\libc.a(lib_a-__call_atexit.o)
                              c:/program files (x86)/atmel/atmel toolchain/arm gcc/native/4.8.1443/arm-gnu-toolchain/bin/../lib/gcc/arm-none-eabi/4.8.4/../../../../arm-none-eabi/lib/armv7-m\libc.a(lib_a-exit.o) (__call_exitprocs)
c:/program files (x86)/atmel/atmel toolchain/arm gcc/native/4.8.1443/arm-gnu-toolchain/bin/../lib/gcc/arm-none-eabi/4.8.4/../../../../arm-none-eabi/lib/armv7-m\libc.a(lib_a-atexit.o)
                              c:/program files (x86)/atmel/atmel toolchain/arm gcc/native/4.8.1443/arm-gnu-toolchain/bin/../lib/gcc/arm-none-eabi/4.8.4/../../../../arm-none-eabi/lib/armv7-m\libc.a(lib_a-__call_atexit.o) (atexit)
c:/program files (x86)/atmel/atmel toolchain/arm gcc/native/4.8.1443/arm-gnu-toolchain/bin/../lib/gcc/arm-none-eabi/4.8.4/../../../../arm-none-eabi/lib/armv7-m\libc.a(lib_a-fflush.o)
                              c:/program files (x86)/atmel/atmel toolchain/arm gcc/native/4.8.1443/arm-gnu-toolchain/bin/../lib/gcc/arm-none-eabi/4.8.4/../../../../arm-none-eabi/lib/armv7-m\libc.a(lib_a-vfiprintf.o) (_fflush_r)
c:/program files (x86)/atmel/atmel toolchain/arm gcc/native/4.8.1443/arm-gnu-toolchain/bin/../lib/gcc/arm-none-eabi/4.8.4/../../../../arm-none-eabi/lib/armv7-m\libc.a(lib_a-findfp.o)
                              c:/program files (x86)/atmel/atmel toolchain/arm gcc/native/4.8.1443/arm-gnu-toolchain/bin/../lib/gcc/arm-none-eabi/4.8.4/../../../../arm-none-eabi/lib/armv7-m\libc.a(lib_a-vfiprintf.o) (__sinit)
c:/program files (x86)/atmel/atmel toolchain/arm gcc/native/4.8.1443/arm-gnu-toolchain/bin/../lib/gcc/arm-none-eabi/4.8.4/../../../../arm-none-eabi/lib/armv7-m\libc.a(lib_a-fini.o)
                              c:/program files (x86)/atmel/atmel toolchain/arm gcc/native/4.8.1443/arm-gnu-toolchain/bin/../lib/gcc/arm-none-eabi/4.8.4/../../../../arm-none-eabi/lib/armv7-m\libc.a(lib_a-__call_atexit.o) (__libc_fini_array)
c:/program files (x86)/atmel/atmel toolchain/arm gcc/native/4.8.1443/arm-gnu-toolchain/bin/../lib/gcc/arm-none-eabi/4.8.4/../../../../arm-none-eabi/lib/armv7-m\libc.a(lib_a-fputwc.o)
[...]
Memory Configuration

Name             Origin             Length             Attributes
rom              0x00080000         0x00080000         xr
sram0            0x20000000         0x00010000         xrw
sram1            0x20080000         0x00008000         xrw
ram              0x20070000         0x00018000         xrw
*default*        0x00000000         0xffffffff

Linker script and memory map

LOAD c:/program files (x86)/atmel/atmel toolchain/arm gcc/native/4.8.1443/arm-gnu-toolchain/bin/../lib/gcc/arm-none-eabi/4.8.4/armv7-m/crti.o
LOAD c:/program files (x86)/atmel/atmel toolchain/arm gcc/native/4.8.1443/arm-gnu-toolchain/bin/../lib/gcc/arm-none-eabi/4.8.4/armv7-m/crtbegin.o
LOAD c:/program files (x86)/atmel/atmel toolchain/arm gcc/native/4.8.1443/arm-gnu-toolchain/bin/../lib/gcc/arm-none-eabi/4.8.4/../../../../arm-none-eabi/lib/armv7-m/crt0.o
LOAD src/ASF/sam/drivers/dacc/dacc.o
LOAD src/wdt.o
LOAD src/ASF/sam/drivers/tc/tc.o
LOAD src/ASF/sam/drivers/trng/trng.o
LOAD src/da.o
LOAD src/timerinterrupt.o
LOAD src/DelayFunctions.o
LOAD src/ASF/common/services/clock/sam3x/sysclk.o
LOAD src/ASF/common/utils/interrupt/interrupt_sam_nvic.o
LOAD src/ASF/sam/boards/arduino_due_x/init.o
LOAD src/ASF/sam/drivers/pio/pio.o
LOAD src/ASF/sam/drivers/pio/pio_handler.o
LOAD src/ASF/sam/drivers/pmc/pmc.o
LOAD src/ASF/sam/drivers/pmc/sleep.o
LOAD src/ASF/sam/utils/cmsis/sam3x/source/templates/exceptions.o
LOAD src/ASF/sam/utils/cmsis/sam3x/source/templates/gcc/startup_sam3x.o
LOAD src/ASF/sam/utils/cmsis/sam3x/source/templates/system_sam3x.o
LOAD src/ASF/sam/utils/syscalls/gcc/syscalls.o
LOAD src/digitalIO/digitalIO.o
LOAD src/main.o
START GROUP
LOAD ../src/ASF/thirdparty/CMSIS/Lib/GCC\libarm_cortexM3l_math.a
LOAD c:/program files (x86)/atmel/atmel toolchain/arm gcc/native/4.8.1443/arm-gnu-toolchain/bin/../lib/gcc/arm-none-eabi/4.8.4/../../../../arm-none-eabi/lib/armv7-m\libm.a
END GROUP
START GROUP
LOAD c:/program files (x86)/atmel/atmel toolchain/arm gcc/native/4.8.1443/arm-gnu-toolchain/bin/../lib/gcc/arm-none-eabi/4.8.4/armv7-m\libgcc.a
LOAD c:/program files (x86)/atmel/atmel toolchain/arm gcc/native/4.8.1443/arm-gnu-toolchain/bin/../lib/gcc/arm-none-eabi/4.8.4/../../../../arm-none-eabi/lib/armv7-m\libc.a
END GROUP
LOAD c:/program files (x86)/atmel/atmel toolchain/arm gcc/native/4.8.1443/arm-gnu-toolchain/bin/../lib/gcc/arm-none-eabi/4.8.4/armv7-m/crtend.o
LOAD c:/program files (x86)/atmel/atmel toolchain/arm gcc/native/4.8.1443/arm-gnu-toolchain/bin/../lib/gcc/arm-none-eabi/4.8.4/armv7-m/crtn.o
                0x00002000                __stack_size__ = DEFINED (__stack_size__)?__stack_size__:0x2000
                0x20087ffc                __ram_end__ = ((ORIGIN (ram) + 0x18000) - 0x4)

.text           0x00080000      0xcd4
                0x00080000                . = ALIGN (0x4)
                0x00080000                _sfixed = .
 *(.vectors .vectors.*)
 .vectors       0x00080000       0xf4 src/ASF/sam/utils/cmsis/sam3x/source/templates/gcc/startup_sam3x.o
                0x00080000                exception_table
 *(.text .text.* .gnu.linkonce.t.*)
 .text          0x000800f4       0x54 c:/program files (x86)/atmel/atmel toolchain/arm gcc/native/4.8.1443/arm-gnu-toolchain/bin/../lib/gcc/arm-none-eabi/4.8.4/armv7-m/crtbegin.o
 .text.dacc_reset
                0x00080148        0x6 src/ASF/sam/drivers/dacc/dacc.o
                0x00080148                dacc_reset
 .text.dacc_set_transfer_mode
                0x0008014e       0x14 src/ASF/sam/drivers/dacc/dacc.o
                0x0008014e                dacc_set_transfer_mode
 .text.dacc_set_channel_selection
                0x00080162       0x18 src/ASF/sam/drivers/dacc/dacc.o
                0x00080162                dacc_set_channel_selection
 .text.dacc_set_timing
                0x0008017a       0x2c src/ASF/sam/drivers/dacc/dacc.o
                0x0008017a                dacc_set_timing
 .text.dacc_enable_channel
                0x000801a6       0x12 src/ASF/sam/drivers/dacc/dacc.o
                0x000801a6                dacc_enable_channel
 .text.watchDogReload
                0x000801b8       0x14 src/wdt.o
                0x000801b8                watchDogReload
 .text.tc_init  0x000801cc       0x16 src/ASF/sam/drivers/tc/tc.o
                0x000801cc                tc_init
 .text.tc_set_block_mode
                0x000801e2        0x6 src/ASF/sam/drivers/tc/tc.o
                0x000801e2                tc_set_block_mode
 .text.tc_start
                0x000801e8        0x8 src/ASF/sam/drivers/tc/tc.o
                0x000801e8                tc_start
 .text.tc_stop  0x000801f0        0x8 src/ASF/sam/drivers/tc/tc.o
                0x000801f0                tc_stop
 .text.tc_read_cv
                0x000801f8        0x8 src/ASF/sam/drivers/tc/tc.o
                0x000801f8                tc_read_cv
 .text.tc_write_rc
                0x00080200        0x8 src/ASF/sam/drivers/tc/tc.o
                0x00080200                tc_write_rc
 .text.tc_enable_interrupt
                0x00080208        0x8 src/ASF/sam/drivers/tc/tc.o
                0x00080208                tc_enable_interrupt
 .text.tc_find_mck_divisor
                0x00080210       0x4a src/ASF/sam/drivers/tc/tc.o
                0x00080210                tc_find_mck_divisor
 *fill*         0x0008025a        0x2 
 .text.trng_enable
                0x0008025c        0xc src/ASF/sam/drivers/trng/trng.o
                0x0008025c                trng_enable
 .text.configure_da
                0x00080268       0x68 src/da.o
                0x00080268                configure_da
 .text.configure_tc4
                0x000802d0       0x8c src/timerinterrupt.o
                0x000802d0                configure_tc4
 .text.configure_tc0
                0x0008035c       0x80 src/timerinterrupt.o
                0x0008035c                configure_tc0
 .text.TC4_Handler
                0x000803dc       0x50 src/timerinterrupt.o
                0x000803dc                TC4_Handler
 .text.TC0_Handler
                0x0008042c       0x2c src/timerinterrupt.o
                0x0008042c                TC0_Handler
 .text.delayInit
                0x00080458       0x3c src/DelayFunctions.o
                0x00080458                delayInit
 .text.delayMicroseconds
                0x00080494       0x38 src/DelayFunctions.o
                0x00080494                delayMicroseconds
 .text.sysclk_init
                0x000804cc       0x64 src/ASF/common/services/clock/sam3x/sysclk.o
                0x000804cc                sysclk_init
 .text.board_init
                0x00080530       0x80 src/ASF/sam/boards/arduino_due_x/init.o
                0x00080530                board_init
 .text.pio_set_peripheral
                0x000805b0       0x3c src/ASF/sam/drivers/pio/pio.o
                0x000805b0                pio_set_peripheral
 .text.pio_set_input
                0x000805ec       0x2c src/ASF/sam/drivers/pio/pio.o
                0x000805ec                pio_set_input
 .text.pio_set_output
                0x00080618       0x24 src/ASF/sam/drivers/pio/pio.o
                0x00080618                pio_set_output
 .text.pio_get_interrupt_status
                0x0008063c        0x4 src/ASF/sam/drivers/pio/pio.o
                0x0008063c                pio_get_interrupt_status
 .text.pio_get_interrupt_mask
                0x00080640        0x4 src/ASF/sam/drivers/pio/pio.o
                0x00080640                pio_get_interrupt_mask
 .text.pio_configure_pin
                0x00080644       0xc4 src/ASF/sam/drivers/pio/pio.o
                0x00080644                pio_configure_pin
 .text.pio_configure_pin_group
                0x00080708       0x88 src/ASF/sam/drivers/pio/pio.o
                0x00080708                pio_configure_pin_group
 .text.pio_handler_process
                0x00080790       0x54 src/ASF/sam/drivers/pio/pio_handler.o
                0x00080790                pio_handler_process
 .text.PIOA_Handler
                0x000807e4       0x14 src/ASF/sam/drivers/pio/pio_handler.o
                0x000807e4                PIOA_Handler
 .text.PIOB_Handler
                0x000807f8       0x14 src/ASF/sam/drivers/pio/pio_handler.o
                0x000807f8                PIOB_Handler
 .text.PIOC_Handler
                0x0008080c       0x14 src/ASF/sam/drivers/pio/pio_handler.o
                0x0008080c                PIOC_Handler
 .text.PIOD_Handler
                0x00080820       0x14 src/ASF/sam/drivers/pio/pio_handler.o
                0x00080820                PIOD_Handler
 .text.pmc_switch_mck_to_pllack
                0x00080834       0x44 src/ASF/sam/drivers/pmc/pmc.o
                0x00080834                pmc_switch_mck_to_pllack
 .text.pmc_switch_mainck_to_xtal
                0x00080878       0x4c src/ASF/sam/drivers/pmc/pmc.o
                0x00080878                pmc_switch_mainck_to_xtal
 .text.pmc_osc_is_ready_mainck
                0x000808c4       0x10 src/ASF/sam/drivers/pmc/pmc.o
                0x000808c4                pmc_osc_is_ready_mainck
 .text.pmc_disable_pllack
                0x000808d4       0x10 src/ASF/sam/drivers/pmc/pmc.o
                0x000808d4                pmc_disable_pllack
 .text.pmc_is_locked_pllack
                0x000808e4       0x10 src/ASF/sam/drivers/pmc/pmc.o
                0x000808e4                pmc_is_locked_pllack
 .text.pmc_enable_periph_clk
                0x000808f4       0x44 src/ASF/sam/drivers/pmc/pmc.o
                0x000808f4                pmc_enable_periph_clk
 .text.Dummy_Handler
                0x00080938        0x2 src/ASF/sam/utils/cmsis/sam3x/source/templates/exceptions.o
                0x00080938                DACC_Handler
                0x00080938                DebugMon_Handler
                0x00080938                DMAC_Handler
                0x00080938                TRNG_Handler
                0x00080938                HardFault_Handler
                0x00080938                TC2_Handler
                0x00080938                SysTick_Handler
                0x00080938                USART3_Handler
                0x00080938                TWI1_Handler
                0x00080938                PendSV_Handler
                0x00080938                NMI_Handler
                0x00080938                TC7_Handler
                0x00080938                ADC_Handler
                0x00080938                SMC_Handler
                0x00080938                USART0_Handler
                0x00080938                RTT_Handler
                0x00080938                EFC1_Handler
                0x00080938                RTC_Handler
                0x00080938                UsageFault_Handler
                0x00080938                TC6_Handler
                0x00080938                WDT_Handler
                0x00080938                CAN0_Handler
                0x00080938                TC1_Handler
                0x00080938                HSMCI_Handler
                0x00080938                TC3_Handler
                0x00080938                Dummy_Handler
                0x00080938                TWI0_Handler
                0x00080938                USART1_Handler
                0x00080938                SSC_Handler
                0x00080938                EFC0_Handler
                0x00080938                PMC_Handler
                0x00080938                PWM_Handler
                0x00080938                CAN1_Handler
                0x00080938                MemManage_Handler
                0x00080938                SUPC_Handler
                0x00080938                SVC_Handler
                0x00080938                TC8_Handler
                0x00080938                USART2_Handler
                0x00080938                EMAC_Handler
                0x00080938                UART_Handler
                0x00080938                BusFault_Handler
                0x00080938                RSTC_Handler
                0x00080938                TC5_Handler
                0x00080938                UOTGHS_Handler
                0x00080938                SPI0_Handler
 *fill*         0x0008093a        0x2 
 .text.Reset_Handler
                0x0008093c       0x80 src/ASF/sam/utils/cmsis/sam3x/source/templates/gcc/startup_sam3x.o
                0x0008093c                Reset_Handler
 .text.SystemCoreClockUpdate
                0x000809bc       0xd0 src/ASF/sam/utils/cmsis/sam3x/source/templates/system_sam3x.o
                0x000809bc                SystemCoreClockUpdate
 .text.pinMode  0x00080a8c       0x24 src/digitalIO/digitalIO.o
                0x00080a8c                pinMode
 .text.digitalWrite
                0x00080ab0       0x30 src/digitalIO/digitalIO.o
                0x00080ab0                digitalWrite
 .text.startup.main
                0x00080ae0       0x80 src/main.o
                0x00080ae0                main
 .text.__libc_init_array
                0x00080b60       0x50 c:/program files (x86)/atmel/atmel toolchain/arm gcc/native/4.8.1443/arm-gnu-toolchain/bin/../lib/gcc/arm-none-eabi/4.8.4/../../../../arm-none-eabi/lib/armv7-m\libc.a(lib_a-init.o)
                0x00080b60                __libc_init_array
 .text.startup.register_fini
                0x00080bb0       0x14 c:/program files (x86)/atmel/atmel toolchain/arm gcc/native/4.8.1443/arm-gnu-toolchain/bin/../lib/gcc/arm-none-eabi/4.8.4/../../../../arm-none-eabi/lib/armv7-m\libc.a(lib_a-__call_atexit.o)
 .text.atexit   0x00080bc4        0xc c:/program files (x86)/atmel/atmel toolchain/arm gcc/native/4.8.1443/arm-gnu-toolchain/bin/../lib/gcc/arm-none-eabi/4.8.4/../../../../arm-none-eabi/lib/armv7-m\libc.a(lib_a-atexit.o)
                0x00080bc4                atexit
 .text.__libc_fini_array
                0x00080bd0       0x30 c:/program files (x86)/atmel/atmel toolchain/arm gcc/native/4.8.1443/arm-gnu-toolchain/bin/../lib/gcc/arm-none-eabi/4.8.4/../../../../arm-none-eabi/lib/armv7-m\libc.a(lib_a-fini.o)
                0x00080bd0                __libc_fini_array
 .text.__register_exitproc
                0x00080c00       0xa8 c:/program files (x86)/atmel/atmel toolchain/arm gcc/native/4.8.1443/arm-gnu-toolchain/bin/../lib/gcc/arm-none-eabi/4.8.4/../../../../arm-none-eabi/lib/armv7-m\libc.a(lib_a-__atexit.o)
                0x00080c00                __register_exitproc
 *(.glue_7t)
 .glue_7t       0x00000000        0x0 linker stubs
 *(.glue_7)
 .glue_7        0x00000000        0x0 linker stubs
 *(.rodata .rodata* .gnu.linkonce.r.*)
 .rodata.str1.4
                0x00080ca8        0x4 c:/program files (x86)/atmel/atmel toolchain/arm gcc/native/4.8.1443/arm-gnu-toolchain/bin/../lib/gcc/arm-none-eabi/4.8.4/../../../../arm-none-eabi/lib/armv7-m\libc.a(lib_a-impure.o)
 .rodata._global_impure_ptr
                0x00080cac        0x4 c:/program files (x86)/atmel/atmel toolchain/arm gcc/native/4.8.1443/arm-gnu-toolchain/bin/../lib/gcc/arm-none-eabi/4.8.4/../../../../arm-none-eabi/lib/armv7-m\libc.a(lib_a-impure.o)
                0x00080cac                _global_impure_ptr
 *(.ARM.extab* .gnu.linkonce.armextab.*)
                0x00080cb0                . = ALIGN (0x4)
 *(.init)
 .init          0x00080cb0        0x4 c:/program files (x86)/atmel/atmel toolchain/arm gcc/native/4.8.1443/arm-gnu-toolchain/bin/../lib/gcc/arm-none-eabi/4.8.4/armv7-m/crti.o
                0x00080cb0                _init
 .init          0x00080cb4        0x8 c:/program files (x86)/atmel/atmel toolchain/arm gcc/native/4.8.1443/arm-gnu-toolchain/bin/../lib/gcc/arm-none-eabi/4.8.4/armv7-m/crtn.o
                0x00080cbc                . = ALIGN (0x4)
                0x00080cbc                __preinit_array_start = .
 *(.preinit_array)
                0x00080cbc                __preinit_array_end = .
                0x00080cbc                . = ALIGN (0x4)
                0x00080cbc                __init_array_start = .
 *(SORT(.init_array.*))
 .init_array.00000
                0x00080cbc        0x4 c:/program files (x86)/atmel/atmel toolchain/arm gcc/native/4.8.1443/arm-gnu-toolchain/bin/../lib/gcc/arm-none-eabi/4.8.4/../../../../arm-none-eabi/lib/armv7-m\libc.a(lib_a-__call_atexit.o)
 *(.init_array)
 .init_array    0x00080cc0        0x4 c:/program files (x86)/atmel/atmel toolchain/arm gcc/native/4.8.1443/arm-gnu-toolchain/bin/../lib/gcc/arm-none-eabi/4.8.4/armv7-m/crtbegin.o
                0x00080cc4                __init_array_end = .
                0x00080cc4                . = ALIGN (0x4)
 *crtbegin.o(.ctors)
 *(EXCLUDE_FILE(*crtend.o) .ctors)
 *(SORT(.ctors.*))
 *crtend.o(.ctors)
                0x00080cc4                . = ALIGN (0x4)
 *(.fini)
 .fini          0x00080cc4        0x4 c:/program files (x86)/atmel/atmel toolchain/arm gcc/native/4.8.1443/arm-gnu-toolchain/bin/../lib/gcc/arm-none-eabi/4.8.4/armv7-m/crti.o
                0x00080cc4                _fini
 .fini          0x00080cc8        0x8 c:/program files (x86)/atmel/atmel toolchain/arm gcc/native/4.8.1443/arm-gnu-toolchain/bin/../lib/gcc/arm-none-eabi/4.8.4/armv7-m/crtn.o
                0x00080cd0                . = ALIGN (0x4)
                0x00080cd0                __fini_array_start = .
 *(.fini_array)
 .fini_array    0x00080cd0        0x4 c:/program files (x86)/atmel/atmel toolchain/arm gcc/native/4.8.1443/arm-gnu-toolchain/bin/../lib/gcc/arm-none-eabi/4.8.4/armv7-m/crtbegin.o
 *(SORT(.fini_array.*))
                0x00080cd4                __fini_array_end = .
 *crtbegin.o(.dtors)
 *(EXCLUDE_FILE(*crtend.o) .dtors)
 *(SORT(.dtors.*))
 *crtend.o(.dtors)
                0x00080cd4                . = ALIGN (0x4)
                0x00080cd4                _efixed = .
                0x00080cd4                PROVIDE (__exidx_start, .)

.vfp11_veneer   0x00080cd4        0x0
 .vfp11_veneer  0x00000000        0x0 linker stubs

.v4_bx          0x00080cd4        0x0
 .v4_bx         0x00000000        0x0 linker stubs

.iplt           0x00080cd4        0x0
 .iplt          0x00000000        0x0 c:/program files (x86)/atmel/atmel toolchain/arm gcc/native/4.8.1443/arm-gnu-toolchain/bin/../lib/gcc/arm-none-eabi/4.8.4/armv7-m/crtbegin.o

.eh_frame       0x00080cd4        0x0
 .eh_frame      0x00080cd4        0x0 c:/program files (x86)/atmel/atmel toolchain/arm gcc/native/4.8.1443/arm-gnu-toolchain/bin/../lib/gcc/arm-none-eabi/4.8.4/armv7-m/crtbegin.o

.rel.dyn        0x00080cd4        0x0
 .rel.iplt      0x00000000        0x0 c:/program files (x86)/atmel/atmel toolchain/arm gcc/native/4.8.1443/arm-gnu-toolchain/bin/../lib/gcc/arm-none-eabi/4.8.4/armv7-m/crtbegin.o

.jcr            0x00080cd4        0x0
 .jcr           0x00080cd4        0x0 c:/program files (x86)/atmel/atmel toolchain/arm gcc/native/4.8.1443/arm-gnu-toolchain/bin/../lib/gcc/arm-none-eabi/4.8.4/armv7-m/crtbegin.o

.igot.plt       0x00080cd4        0x0
 .igot.plt      0x00000000        0x0 c:/program files (x86)/atmel/atmel toolchain/arm gcc/native/4.8.1443/arm-gnu-toolchain/bin/../lib/gcc/arm-none-eabi/4.8.4/armv7-m/crtbegin.o

.ARM.exidx
 *(.ARM.exidx* .gnu.linkonce.armexidx.*)
                0x00080cd4                PROVIDE (__exidx_end, .)
                0x00080cd4                . = ALIGN (0x4)
                0x00080cd4                _etext = .

.relocate       0x20070000      0x558 load address 0x00080cd4
                0x20070000                . = ALIGN (0x4)
                0x20070000                _srelocate = .
 *(.ramfunc .ramfunc.*)
 .ramfunc       0x20070000       0xec src/ASF/sam/utils/cmsis/sam3x/source/templates/system_sam3x.o
                0x20070000                SystemInit
                0x20070088                system_init_flash
 *(.data .data.*)
 .data.sine     0x200700ec       0x40 src/timerinterrupt.o
                0x200700ec                sine
 .data.SystemCoreClock
                0x2007012c        0x4 src/ASF/sam/utils/cmsis/sam3x/source/templates/system_sam3x.o
                0x2007012c                SystemCoreClock
 .data.impure_data
                0x20070130      0x428 c:/program files (x86)/atmel/atmel toolchain/arm gcc/native/4.8.1443/arm-gnu-toolchain/bin/../lib/gcc/arm-none-eabi/4.8.4/../../../../arm-none-eabi/lib/armv7-m\libc.a(lib_a-impure.o)
                0x20070558                . = ALIGN (0x4)
                0x20070558                _erelocate = .

.bss            0x20070558       0x94 load address 0x0008122c
                0x20070558                . = ALIGN (0x4)
                0x20070558                _sbss = .
                0x20070558                _szero = .
 *(.bss .bss.*)
 .bss           0x20070558       0x1c c:/program files (x86)/atmel/atmel toolchain/arm gcc/native/4.8.1443/arm-gnu-toolchain/bin/../lib/gcc/arm-none-eabi/4.8.4/armv7-m/crtbegin.o
 .bss.gs_interrupt_sources
                0x20070574       0x70 src/ASF/sam/drivers/pio/pio_handler.o
 *(COMMON)
 COMMON         0x200705e4        0x8 src/timerinterrupt.o
                0x200705e4                outputvalue
                0x200705e8                Nibble
                0x200705ec                . = ALIGN (0x4)
                0x200705ec                _ebss = .
                0x200705ec                _ezero = .

.stack          0x200705ec     0x2004 load address 0x000812c0
                0x200705f0                . = ALIGN (0x8)
 *fill*         0x200705ec        0x4 
                0x200705f0                _sstack = .
                0x200725f0                . = (. + __stack_size__)
 *fill*         0x200705f0     0x2000 
                0x200725f0                . = ALIGN (0x8)
                0x200725f0                _estack = .
                0x200725f0                . = ALIGN (0x4)
                0x200725f0                _end = .
OUTPUT(ProjectISR.elf elf32-littlearm)

.ARM.attributes
                0x00000000       0x29
 .ARM.attributes
                0x00000000       0x1d c:/program files (x86)/atmel/atmel toolchain/arm gcc/native/4.8.1443/arm-gnu-toolchain/bin/../lib/gcc/arm-none-eabi/4.8.4/armv7-m/crti.o
 .ARM.attributes
                0x0000001d       0x2d c:/program files (x86)/atmel/atmel toolchain/arm gcc/native/4.8.1443/arm-gnu-toolchain/bin/../lib/gcc/arm-none-eabi/4.8.4/armv7-m/crtbegin.o
 .ARM.attributes
                0x0000004a       0x33 src/ASF/sam/drivers/dacc/dacc.o
 .ARM.attributes
                0x0000007d       0x33 src/wdt.o
 .ARM.attributes
                0x000000b0       0x33 src/ASF/sam/drivers/tc/tc.o
 .ARM.attributes
                0x000000e3       0x33 src/ASF/sam/drivers/trng/trng.o
 .ARM.attributes
                0x00000116       0x33 src/da.o
 .ARM.attributes
                0x00000149       0x33 src/timerinterrupt.o
 .ARM.attributes
                0x0000017c       0x33 src/DelayFunctions.o
 .ARM.attributes
                0x000001af       0x33 src/ASF/common/services/clock/sam3x/sysclk.o
 .ARM.attributes
                0x000001e2       0x33 src/ASF/sam/boards/arduino_due_x/init.o
 .ARM.attributes
                0x00000215       0x33 src/ASF/sam/drivers/pio/pio.o
 .ARM.attributes
                0x00000248       0x33 src/ASF/sam/drivers/pio/pio_handler.o
 .ARM.attributes
                0x0000027b       0x33 src/ASF/sam/drivers/pmc/pmc.o
 .ARM.attributes
                0x000002ae       0x33 src/ASF/sam/utils/cmsis/sam3x/source/templates/exceptions.o
 .ARM.attributes
                0x000002e1       0x33 src/ASF/sam/utils/cmsis/sam3x/source/templates/gcc/startup_sam3x.o
 .ARM.attributes
                0x00000314       0x33 src/ASF/sam/utils/cmsis/sam3x/source/templates/system_sam3x.o
 .ARM.attributes
                0x00000347       0x33 src/digitalIO/digitalIO.o
 .ARM.attributes
                0x0000037a       0x33 src/main.o
 .ARM.attributes
                0x000003ad       0x2d c:/program files (x86)/atmel/atmel toolchain/arm gcc/native/4.8.1443/arm-gnu-toolchain/bin/../lib/gcc/arm-none-eabi/4.8.4/../../../../arm-none-eabi/lib/armv7-m\libc.a(lib_a-impure.o)
 .ARM.attributes
                0x000003da       0x2d c:/program files (x86)/atmel/atmel toolchain/arm gcc/native/4.8.1443/arm-gnu-toolchain/bin/../lib/gcc/arm-none-eabi/4.8.4/../../../../arm-none-eabi/lib/armv7-m\libc.a(lib_a-init.o)
 .ARM.attributes
                0x00000407       0x2d c:/program files (x86)/atmel/atmel toolchain/arm gcc/native/4.8.1443/arm-gnu-toolchain/bin/../lib/gcc/arm-none-eabi/4.8.4/../../../../arm-none-eabi/lib/armv7-m\libc.a(lib_a-__call_atexit.o)
 .ARM.attributes
                0x00000434       0x2d c:/program files (x86)/atmel/atmel toolchain/arm gcc/native/4.8.1443/arm-gnu-toolchain/bin/../lib/gcc/arm-none-eabi/4.8.4/../../../../arm-none-eabi/lib/armv7-m\libc.a(lib_a-atexit.o)
 .ARM.attributes
                0x00000461       0x2d c:/program files (x86)/atmel/atmel toolchain/arm gcc/native/4.8.1443/arm-gnu-toolchain/bin/../lib/gcc/arm-none-eabi/4.8.4/../../../../arm-none-eabi/lib/armv7-m\libc.a(lib_a-fini.o)
 .ARM.attributes
                0x0000048e       0x2d c:/program files (x86)/atmel/atmel toolchain/arm gcc/native/4.8.1443/arm-gnu-toolchain/bin/../lib/gcc/arm-none-eabi/4.8.4/../../../../arm-none-eabi/lib/armv7-m\libc.a(lib_a-__atexit.o)
 .ARM.attributes
                0x000004bb       0x1d c:/program files (x86)/atmel/atmel toolchain/arm gcc/native/4.8.1443/arm-gnu-toolchain/bin/../lib/gcc/arm-none-eabi/4.8.4/armv7-m/crtn.o

.comment        0x00000000       0x5b
 .comment       0x00000000       0x5b src/ASF/sam/drivers/dacc/dacc.o
                                 0x5c (size before relaxing)
 .comment       0x00000000       0x5c src/wdt.o
 .comment       0x00000000       0x5c src/ASF/sam/drivers/tc/tc.o
 .comment       0x00000000       0x5c src/ASF/sam/drivers/trng/trng.o
 .comment       0x00000000       0x5c src/da.o
 .comment       0x00000000       0x5c src/timerinterrupt.o
 .comment       0x00000000       0x5c src/DelayFunctions.o
 .comment       0x00000000       0x5c src/ASF/common/services/clock/sam3x/sysclk.o
 .comment       0x00000000       0x5c src/ASF/sam/boards/arduino_due_x/init.o
 .comment       0x00000000       0x5c src/ASF/sam/drivers/pio/pio.o
 .comment       0x00000000       0x5c src/ASF/sam/drivers/pio/pio_handler.o
 .comment       0x00000000       0x5c src/ASF/sam/drivers/pmc/pmc.o
 .comment       0x00000000       0x5c src/ASF/sam/utils/cmsis/sam3x/source/templates/exceptions.o
 .comment       0x00000000       0x5c src/ASF/sam/utils/cmsis/sam3x/source/templates/gcc/startup_sam3x.o
 .comment       0x00000000       0x5c src/ASF/sam/utils/cmsis/sam3x/source/templates/system_sam3x.o
 .comment       0x00000000       0x5c src/digitalIO/digitalIO.o
 .comment       0x00000000       0x5c src/main.o

.debug_info     0x00000000     0x78f5
 .debug_info    0x00000000      0x8a6 src/ASF/sam/drivers/dacc/dacc.o
 .debug_info    0x000008a6       0x9f src/wdt.o
 .debug_info    0x00000945      0x946 src/ASF/sam/drivers/tc/tc.o
 .debug_info    0x0000128b      0x310 src/ASF/sam/drivers/trng/trng.o
 .debug_info    0x0000159b      0x4d1 src/da.o
 .debug_info    0x00001a6c      0xbc5 src/timerinterrupt.o
 .debug_info    0x00002631      0x3e2 src/DelayFunctions.o
 .debug_info    0x00002a13      0x762 src/ASF/common/services/clock/sam3x/sysclk.o
 .debug_info    0x00003175      0x75a src/ASF/sam/boards/arduino_due_x/init.o
 .debug_info    0x000038cf     0x1376 src/ASF/sam/drivers/pio/pio.o
 .debug_info    0x00004c45      0xe52 src/ASF/sam/drivers/pio/pio_handler.o
 .debug_info    0x00005a97     0x107b src/ASF/sam/drivers/pmc/pmc.o
 .debug_info    0x00006b12      0x124 src/ASF/sam/utils/cmsis/sam3x/source/templates/exceptions.o
 .debug_info    0x00006c36      0x3bd src/ASF/sam/utils/cmsis/sam3x/source/templates/gcc/startup_sam3x.o
 .debug_info    0x00006ff3      0x4c7 src/ASF/sam/utils/cmsis/sam3x/source/templates/system_sam3x.o
 .debug_info    0x000074ba      0x1ec src/digitalIO/digitalIO.o
 .debug_info    0x000076a6      0x24f src/main.o

.debug_abbrev   0x00000000     0x198d
 .debug_abbrev  0x00000000      0x1d5 src/ASF/sam/drivers/dacc/dacc.o
 .debug_abbrev  0x000001d5       0x54 src/wdt.o
 .debug_abbrev  0x00000229      0x1bb src/ASF/sam/drivers/tc/tc.o
 .debug_abbrev  0x000003e4      0x106 src/ASF/sam/drivers/trng/trng.o
 .debug_abbrev  0x000004ea      0x10f src/da.o
 .debug_abbrev  0x000005f9      0x250 src/timerinterrupt.o
 .debug_abbrev  0x00000849       0xff src/DelayFunctions.o
 .debug_abbrev  0x00000948      0x21b src/ASF/common/services/clock/sam3x/sysclk.o
 .debug_abbrev  0x00000b63      0x18f src/ASF/sam/boards/arduino_due_x/init.o
 .debug_abbrev  0x00000cf2      0x2fa src/ASF/sam/drivers/pio/pio.o
 .debug_abbrev  0x00000fec      0x268 src/ASF/sam/drivers/pio/pio_handler.o
 .debug_abbrev  0x00001254      0x277 src/ASF/sam/drivers/pmc/pmc.o
 .debug_abbrev  0x000014cb       0x8c src/ASF/sam/utils/cmsis/sam3x/source/templates/exceptions.o
 .debug_abbrev  0x00001557      0x118 src/ASF/sam/utils/cmsis/sam3x/source/templates/gcc/startup_sam3x.o
 .debug_abbrev  0x0000166f      0x12d src/ASF/sam/utils/cmsis/sam3x/source/templates/system_sam3x.o
 .debug_abbrev  0x0000179c       0xd2 src/digitalIO/digitalIO.o
 .debug_abbrev  0x0000186e      0x11f src/main.o

.debug_loc      0x00000000     0x24cc
 .debug_loc     0x00000000      0x2fb src/ASF/sam/drivers/dacc/dacc.o
 .debug_loc     0x000002fb      0x3bd src/ASF/sam/drivers/tc/tc.o
 .debug_loc     0x000006b8       0x63 src/ASF/sam/drivers/trng/trng.o
 .debug_loc     0x0000071b       0x55 src/da.o
 .debug_loc     0x00000770       0xb8 src/timerinterrupt.o
 .debug_loc     0x00000828       0x6c src/DelayFunctions.o
 .debug_loc     0x00000894      0x12d src/ASF/common/services/clock/sam3x/sysclk.o
 .debug_loc     0x000009c1       0x20 src/ASF/sam/boards/arduino_due_x/init.o
 .debug_loc     0x000009e1      0x9f6 src/ASF/sam/drivers/pio/pio.o
 .debug_loc     0x000013d7      0x52f src/ASF/sam/drivers/pio/pio_handler.o
 .debug_loc     0x00001906      0xa21 src/ASF/sam/drivers/pmc/pmc.o
 .debug_loc     0x00002327       0xa1 src/ASF/sam/utils/cmsis/sam3x/source/templates/gcc/startup_sam3x.o
 .debug_loc     0x000023c8       0x20 src/ASF/sam/utils/cmsis/sam3x/source/templates/system_sam3x.o
 .debug_loc     0x000023e8       0xc4 src/digitalIO/digitalIO.o
 .debug_loc     0x000024ac       0x20 src/main.o

.debug_aranges  0x00000000      0x738
 .debug_aranges
                0x00000000       0xc0 src/ASF/sam/drivers/dacc/dacc.o
 .debug_aranges
                0x000000c0       0x20 src/wdt.o
 .debug_aranges
                0x000000e0       0xd0 src/ASF/sam/drivers/tc/tc.o
 .debug_aranges
                0x000001b0       0x50 src/ASF/sam/drivers/trng/trng.o
 .debug_aranges
                0x00000200       0x20 src/da.o
 .debug_aranges
                0x00000220       0x38 src/timerinterrupt.o
 .debug_aranges
                0x00000258       0x28 src/DelayFunctions.o
 .debug_aranges
                0x00000280       0x40 src/ASF/common/services/clock/sam3x/sysclk.o
 .debug_aranges
                0x000002c0       0x20 src/ASF/sam/boards/arduino_due_x/init.o
 .debug_aranges
                0x000002e0      0x148 src/ASF/sam/drivers/pio/pio.o
 .debug_aranges
                0x00000428       0x58 src/ASF/sam/drivers/pio/pio_handler.o
 .debug_aranges
                0x00000480      0x200 src/ASF/sam/drivers/pmc/pmc.o
 .debug_aranges
                0x00000680       0x20 src/ASF/sam/utils/cmsis/sam3x/source/templates/exceptions.o
 .debug_aranges
                0x000006a0       0x20 src/ASF/sam/utils/cmsis/sam3x/source/templates/gcc/startup_sam3x.o
 .debug_aranges
                0x000006c0       0x30 src/ASF/sam/utils/cmsis/sam3x/source/templates/system_sam3x.o
 .debug_aranges
                0x000006f0       0x28 src/digitalIO/digitalIO.o
 .debug_aranges
                0x00000718       0x20 src/main.o

.debug_ranges   0x00000000      0x7a8
 .debug_ranges  0x00000000       0xb0 src/ASF/sam/drivers/dacc/dacc.o
 .debug_ranges  0x000000b0       0x10 src/wdt.o
 .debug_ranges  0x000000c0       0xc0 src/ASF/sam/drivers/tc/tc.o
 .debug_ranges  0x00000180       0x40 src/ASF/sam/drivers/trng/trng.o
 .debug_ranges  0x000001c0       0x10 src/da.o
 .debug_ranges  0x000001d0       0x28 src/timerinterrupt.o
 .debug_ranges  0x000001f8       0x18 src/DelayFunctions.o
 .debug_ranges  0x00000210       0x30 src/ASF/common/services/clock/sam3x/sysclk.o
 .debug_ranges  0x00000240       0x40 src/ASF/sam/boards/arduino_due_x/init.o
 .debug_ranges  0x00000280      0x238 src/ASF/sam/drivers/pio/pio.o
 .debug_ranges  0x000004b8       0x80 src/ASF/sam/drivers/pio/pio_handler.o
 .debug_ranges  0x00000538      0x208 src/ASF/sam/drivers/pmc/pmc.o
 .debug_ranges  0x00000740       0x10 src/ASF/sam/utils/cmsis/sam3x/source/templates/exceptions.o
 .debug_ranges  0x00000750       0x10 src/ASF/sam/utils/cmsis/sam3x/source/templates/gcc/startup_sam3x.o
 .debug_ranges  0x00000760       0x20 src/ASF/sam/utils/cmsis/sam3x/source/templates/system_sam3x.o
 .debug_ranges  0x00000780       0x18 src/digitalIO/digitalIO.o
 .debug_ranges  0x00000798       0x10 src/main.o

.debug_macro    0x00000000    0x175ea
 .debug_macro   0x00000000      0x4c2 src/ASF/sam/drivers/dacc/dacc.o
 .debug_macro   0x000004c2      0x87a src/ASF/sam/drivers/dacc/dacc.o
 .debug_macro   0x00000d3c      0x166 src/ASF/sam/drivers/dacc/dacc.o
 .debug_macro   0x00000ea2      0x4b5 src/ASF/sam/drivers/dacc/dacc.o
 .debug_macro   0x00001357       0x76 src/ASF/sam/drivers/dacc/dacc.o
 .debug_macro   0x000013cd       0x16 src/ASF/sam/drivers/dacc/dacc.o
 .debug_macro   0x000013e3      0x6e1 src/ASF/sam/drivers/dacc/dacc.o
 .debug_macro   0x00001ac4       0x16 src/ASF/sam/drivers/dacc/dacc.o
 .debug_macro   0x00001ada       0x44 src/ASF/sam/drivers/dacc/dacc.o
 .debug_macro   0x00001b1e      0x209 src/ASF/sam/drivers/dacc/dacc.o
 .debug_macro   0x00001d27       0x20 src/ASF/sam/drivers/dacc/dacc.o
 .debug_macro   0x00001d47       0x3a src/ASF/sam/drivers/dacc/dacc.o
 .debug_macro   0x00001d81       0x18 src/ASF/sam/drivers/dacc/dacc.o
 .debug_macro   0x00001d99      0xb08 src/ASF/sam/drivers/dacc/dacc.o
 .debug_macro   0x000028a1      0xab3 src/ASF/sam/drivers/dacc/dacc.o
 .debug_macro   0x00003354      0x566 src/ASF/sam/drivers/dacc/dacc.o
 .debug_macro   0x000038ba      0x2b2 src/ASF/sam/drivers/dacc/dacc.o
 .debug_macro   0x00003b6c      0x317 src/ASF/sam/drivers/dacc/dacc.o
 .debug_macro   0x00003e83      0x74c src/ASF/sam/drivers/dacc/dacc.o
 .debug_macro   0x000045cf       0x82 src/ASF/sam/drivers/dacc/dacc.o
 .debug_macro   0x00004651      0x578 src/ASF/sam/drivers/dacc/dacc.o
 .debug_macro   0x00004bc9       0x1c src/ASF/sam/drivers/dacc/dacc.o
 .debug_macro   0x00004be5      0x6b5 src/ASF/sam/drivers/dacc/dacc.o
 .debug_macro   0x0000529a      0x52a src/ASF/sam/drivers/dacc/dacc.o
 .debug_macro   0x000057c4       0xbe src/ASF/sam/drivers/dacc/dacc.o
 .debug_macro   0x00005882     0x233f src/ASF/sam/drivers/dacc/dacc.o
 .debug_macro   0x00007bc1      0x85a src/ASF/sam/drivers/dacc/dacc.o
 .debug_macro   0x0000841b      0xdc6 src/ASF/sam/drivers/dacc/dacc.o
 .debug_macro   0x000091e1       0x7c src/ASF/sam/drivers/dacc/dacc.o
 .debug_macro   0x0000925d      0x261 src/ASF/sam/drivers/dacc/dacc.o
 .debug_macro   0x000094be       0x58 src/ASF/sam/drivers/dacc/dacc.o
 .debug_macro   0x00009516      0x9a5 src/ASF/sam/drivers/dacc/dacc.o
 .debug_macro   0x00009ebb      0x246 src/ASF/sam/drivers/dacc/dacc.o
 .debug_macro   0x0000a101      0x4dc src/ASF/sam/drivers/dacc/dacc.o
 .debug_macro   0x0000a5dd      0x6b0 src/ASF/sam/drivers/dacc/dacc.o
 .debug_macro   0x0000ac8d      0x59c src/ASF/sam/drivers/dacc/dacc.o
 .debug_macro   0x0000b229       0x46 src/ASF/sam/drivers/dacc/dacc.o
 .debug_macro   0x0000b26f      0x34a src/ASF/sam/drivers/dacc/dacc.o
 .debug_macro   0x0000b5b9      0x289 src/ASF/sam/drivers/dacc/dacc.o
 .debug_macro   0x0000b842     0x14d7 src/ASF/sam/drivers/dacc/dacc.o
 .debug_macro   0x0000cd19      0x7b7 src/ASF/sam/drivers/dacc/dacc.o
 .debug_macro   0x0000d4d0       0x76 src/ASF/sam/drivers/dacc/dacc.o
 .debug_macro   0x0000d546       0x82 src/ASF/sam/drivers/dacc/dacc.o
 .debug_macro   0x0000d5c8       0x76 src/ASF/sam/drivers/dacc/dacc.o
 .debug_macro   0x0000d63e       0x4c src/ASF/sam/drivers/dacc/dacc.o
 .debug_macro   0x0000d68a      0x102 src/ASF/sam/drivers/dacc/dacc.o
 .debug_macro   0x0000d78c      0x102 src/ASF/sam/drivers/dacc/dacc.o
 .debug_macro   0x0000d88e      0x102 src/ASF/sam/drivers/dacc/dacc.o
 .debug_macro   0x0000d990       0x88 src/ASF/sam/drivers/dacc/dacc.o
 .debug_macro   0x0000da18       0x88 src/ASF/sam/drivers/dacc/dacc.o
 .debug_macro   0x0000daa0      0x3b4 src/ASF/sam/drivers/dacc/dacc.o
 .debug_macro   0x0000de54       0xb8 src/ASF/sam/drivers/dacc/dacc.o
 .debug_macro   0x0000df0c       0xb8 src/ASF/sam/drivers/dacc/dacc.o
 .debug_macro   0x0000dfc4       0xb8 src/ASF/sam/drivers/dacc/dacc.o
 .debug_macro   0x0000e07c       0xb8 src/ASF/sam/drivers/dacc/dacc.o
 .debug_macro   0x0000e134      0x2b8 src/ASF/sam/drivers/dacc/dacc.o
 .debug_macro   0x0000e3ec      0x122 src/ASF/sam/drivers/dacc/dacc.o
 .debug_macro   0x0000e50e      0x222 src/ASF/sam/drivers/dacc/dacc.o
 .debug_macro   0x0000e730      0x222 src/ASF/sam/drivers/dacc/dacc.o
 .debug_macro   0x0000e952       0x2e src/ASF/sam/drivers/dacc/dacc.o
 .debug_macro   0x0000e980       0xac src/ASF/sam/drivers/dacc/dacc.o
 .debug_macro   0x0000ea2c      0x14a src/ASF/sam/drivers/dacc/dacc.o
 .debug_macro   0x0000eb76       0x7c src/ASF/sam/drivers/dacc/dacc.o
 .debug_macro   0x0000ebf2      0x202 src/ASF/sam/drivers/dacc/dacc.o
 .debug_macro   0x0000edf4       0x64 src/ASF/sam/drivers/dacc/dacc.o
 .debug_macro   0x0000ee58       0xa6 src/ASF/sam/drivers/dacc/dacc.o
 .debug_macro   0x0000eefe       0x7c src/ASF/sam/drivers/dacc/dacc.o
 .debug_macro   0x0000ef7a       0x16 src/ASF/sam/drivers/dacc/dacc.o
 .debug_macro   0x0000ef90       0x22 src/ASF/sam/drivers/dacc/dacc.o
 .debug_macro   0x0000efb2       0x22 src/ASF/sam/drivers/dacc/dacc.o
 .debug_macro   0x0000efd4      0x112 src/ASF/sam/drivers/dacc/dacc.o
 .debug_macro   0x0000f0e6      0x112 src/ASF/sam/drivers/dacc/dacc.o
 .debug_macro   0x0000f1f8      0x112 src/ASF/sam/drivers/dacc/dacc.o
 .debug_macro   0x0000f30a      0x112 src/ASF/sam/drivers/dacc/dacc.o
 .debug_macro   0x0000f41c       0x1c src/ASF/sam/drivers/dacc/dacc.o
 .debug_macro   0x0000f438       0x2e src/ASF/sam/drivers/dacc/dacc.o
 .debug_macro   0x0000f466       0x22 src/ASF/sam/drivers/dacc/dacc.o
 .debug_macro   0x0000f488       0x1c src/ASF/sam/drivers/dacc/dacc.o
 .debug_macro   0x0000f4a4       0x58 src/ASF/sam/drivers/dacc/dacc.o
 .debug_macro   0x0000f4fc       0x10 src/ASF/sam/drivers/dacc/dacc.o
 .debug_macro   0x0000f50c      0x273 src/ASF/sam/drivers/dacc/dacc.o
 .debug_macro   0x0000f77f      0xd40 src/ASF/sam/drivers/dacc/dacc.o
 .debug_macro   0x000104bf      0x131 src/ASF/sam/drivers/dacc/dacc.o
 .debug_macro   0x000105f0       0x58 src/ASF/sam/drivers/dacc/dacc.o
 .debug_macro   0x00010648       0x35 src/ASF/sam/drivers/dacc/dacc.o
 .debug_macro   0x0001067d       0xa3 src/ASF/sam/drivers/dacc/dacc.o
 .debug_macro   0x00010720       0x16 src/ASF/sam/drivers/dacc/dacc.o
 .debug_macro   0x00010736       0x35 src/ASF/sam/drivers/dacc/dacc.o
 .debug_macro   0x0001076b       0x10 src/ASF/sam/drivers/dacc/dacc.o
 .debug_macro   0x0001077b       0x52 src/ASF/sam/drivers/dacc/dacc.o
 .debug_macro   0x000107cd       0x16 src/ASF/sam/drivers/dacc/dacc.o
 .debug_macro   0x000107e3       0x43 src/ASF/sam/drivers/dacc/dacc.o
 .debug_macro   0x00010826      0x180 src/ASF/sam/drivers/dacc/dacc.o
 .debug_macro   0x000109a6       0x10 src/ASF/sam/drivers/dacc/dacc.o
 .debug_macro   0x000109b6       0x22 src/ASF/sam/drivers/dacc/dacc.o
 .debug_macro   0x000109d8       0xbd src/ASF/sam/drivers/dacc/dacc.o
 .debug_macro   0x00010a95       0x16 src/ASF/sam/drivers/dacc/dacc.o
 .debug_macro   0x00010aab      0x16c src/ASF/sam/drivers/dacc/dacc.o
 .debug_macro   0x00010c17       0x22 src/ASF/sam/drivers/dacc/dacc.o
 .debug_macro   0x00010c39       0x16 src/ASF/sam/drivers/dacc/dacc.o
 .debug_macro   0x00010c4f       0x16 src/ASF/sam/drivers/dacc/dacc.o
 .debug_macro   0x00010c65       0x29 src/ASF/sam/drivers/dacc/dacc.o
 .debug_macro   0x00010c8e       0x6d src/ASF/sam/drivers/dacc/dacc.o
 .debug_macro   0x00010cfb       0x45 src/ASF/sam/drivers/dacc/dacc.o
 .debug_macro   0x00010d40      0x3c3 src/ASF/sam/drivers/dacc/dacc.o
 .debug_macro   0x00011103       0x10 src/ASF/sam/drivers/dacc/dacc.o
 .debug_macro   0x00011113       0x6a src/wdt.o
 .debug_macro   0x0001117d       0x4a src/wdt.o
 .debug_macro   0x000111c7       0x82 src/wdt.o
 .debug_macro   0x00011249      0x452 src/wdt.o
 .debug_macro   0x0001169b      0x4c2 src/ASF/sam/drivers/tc/tc.o
 .debug_macro   0x00011b5d       0x16 src/ASF/sam/drivers/tc/tc.o
 .debug_macro   0x00011b73       0x1c src/ASF/sam/drivers/tc/tc.o
 .debug_macro   0x00011b8f      0x4b7 src/ASF/sam/drivers/trng/trng.o
 .debug_macro   0x00012046      0x5ac src/da.o
 .debug_macro   0x000125f2       0x16 src/da.o
 .debug_macro   0x00012608       0x94 src/da.o
 .debug_macro   0x0001269c       0x40 src/da.o
 .debug_macro   0x000126dc      0x237 src/da.o
 .debug_macro   0x00012913      0x78f src/da.o
 .debug_macro   0x000130a2       0x34 src/da.o
 .debug_macro   0x000130d6       0x5e src/da.o
 .debug_macro   0x00013134       0x64 src/da.o
 .debug_macro   0x00013198       0x5f src/da.o
 .debug_macro   0x000131f7       0x90 src/da.o
 .debug_macro   0x00013287       0x6a src/da.o
 .debug_macro   0x000132f1       0x34 src/da.o
 .debug_macro   0x00013325       0x10 src/da.o
 .debug_macro   0x00013335      0x5f9 src/timerinterrupt.o
 .debug_macro   0x0001392e       0xf6 src/timerinterrupt.o
 .debug_macro   0x00013a24       0x26 src/timerinterrupt.o
 .debug_macro   0x00013a4a      0x5ac src/DelayFunctions.o
 .debug_macro   0x00013ff6      0x527 src/ASF/common/services/clock/sam3x/sysclk.o
 .debug_macro   0x0001451d      0x231 src/ASF/common/services/clock/sam3x/sysclk.o
 .debug_macro   0x0001474e      0x566 src/ASF/sam/boards/arduino_due_x/init.o
 .debug_macro   0x00014cb4       0x16 src/ASF/sam/boards/arduino_due_x/init.o
 .debug_macro   0x00014cca      0x4c2 src/ASF/sam/drivers/pio/pio.o
 .debug_macro   0x0001518c       0x8e src/ASF/sam/drivers/pio/pio.o
 .debug_macro   0x0001521a      0x4c6 src/ASF/sam/drivers/pio/pio_handler.o
 .debug_macro   0x000156e0      0x4bc src/ASF/sam/drivers/pmc/pmc.o
 .debug_macro   0x00015b9c       0x58 src/ASF/sam/drivers/pmc/pmc.o
 .debug_macro   0x00015bf4      0x4bb src/ASF/sam/utils/cmsis/sam3x/source/templates/exceptions.o
 .debug_macro   0x000160af      0x4c9 src/ASF/sam/utils/cmsis/sam3x/source/templates/gcc/startup_sam3x.o
 .debug_macro   0x00016578      0x4c9 src/ASF/sam/utils/cmsis/sam3x/source/templates/system_sam3x.o
 .debug_macro   0x00016a41      0x5c5 src/digitalIO/digitalIO.o
 .debug_macro   0x00017006      0x5e4 src/main.o

.debug_line     0x00000000     0xcfc4
 .debug_line    0x00000000      0xc4d src/ASF/sam/drivers/dacc/dacc.o
 .debug_line    0x00000c4d      0x268 src/wdt.o
 .debug_line    0x00000eb5      0xc6c src/ASF/sam/drivers/tc/tc.o
 .debug_line    0x00001b21      0xb2f src/ASF/sam/drivers/trng/trng.o
 .debug_line    0x00002650      0xd74 src/da.o
 .debug_line    0x000033c4      0xe35 src/timerinterrupt.o
 .debug_line    0x000041f9      0xda2 src/DelayFunctions.o
 .debug_line    0x00004f9b      0xc45 src/ASF/common/services/clock/sam3x/sysclk.o
 .debug_line    0x00005be0      0xcec src/ASF/sam/boards/arduino_due_x/init.o
 .debug_line    0x000068cc      0xe85 src/ASF/sam/drivers/pio/pio.o
 .debug_line    0x00007751      0xbb3 src/ASF/sam/drivers/pio/pio_handler.o
 .debug_line    0x00008304     0x1066 src/ASF/sam/drivers/pmc/pmc.o
 .debug_line    0x0000936a      0xab5 src/ASF/sam/utils/cmsis/sam3x/source/templates/exceptions.o
 .debug_line    0x00009e1f      0xb08 src/ASF/sam/utils/cmsis/sam3x/source/templates/gcc/startup_sam3x.o
 .debug_line    0x0000a927      0xb0d src/ASF/sam/utils/cmsis/sam3x/source/templates/system_sam3x.o
 .debug_line    0x0000b434      0xdb1 src/digitalIO/digitalIO.o
 .debug_line    0x0000c1e5      0xddf src/main.o

.debug_str      0x00000000    0x5fb27
 .debug_str     0x00000000    0x58b43 src/ASF/sam/drivers/dacc/dacc.o
                              0x58e2a (size before relaxing)
 .debug_str     0x00058b43      0xe2b src/wdt.o
                               0x3e8f (size before relaxing)
 .debug_str     0x0005996e      0x3b0 src/ASF/sam/drivers/tc/tc.o
                              0x58d75 (size before relaxing)
 .debug_str     0x00059d1e      0x12e src/ASF/sam/drivers/trng/trng.o
                              0x58ad0 (size before relaxing)
 .debug_str     0x00059e4c     0x4356 src/da.o
                              0x5cee4 (size before relaxing)
 .debug_str     0x0005e1a2      0x4ab src/timerinterrupt.o
                              0x5e20b (size before relaxing)
 .debug_str     0x0005e64d       0x34 src/DelayFunctions.o
                              0x5ce84 (size before relaxing)
 .debug_str     0x0005e681      0x23d src/ASF/common/services/clock/sam3x/sysclk.o
                              0x5c76e (size before relaxing)
 .debug_str     0x0005e8be      0x280 src/ASF/sam/boards/arduino_due_x/init.o
                              0x5cf28 (size before relaxing)
 .debug_str     0x0005eb3e      0x40e src/ASF/sam/drivers/pio/pio.o
                              0x59371 (size before relaxing)
 .debug_str     0x0005ef4c      0x1bf src/ASF/sam/drivers/pio/pio_handler.o
                              0x593b9 (size before relaxing)
 .debug_str     0x0005f10b      0x686 src/ASF/sam/drivers/pmc/pmc.o
                              0x593e7 (size before relaxing)
 .debug_str     0x0005f791       0x4d src/ASF/sam/utils/cmsis/sam3x/source/templates/exceptions.o
                              0x589e6 (size before relaxing)
 .debug_str     0x0005f7de       0xb2 src/ASF/sam/utils/cmsis/sam3x/source/templates/gcc/startup_sam3x.o
                              0x58abb (size before relaxing)
 .debug_str     0x0005f890      0x1cd src/ASF/sam/utils/cmsis/sam3x/source/templates/system_sam3x.o
                              0x58cce (size before relaxing)
 .debug_str     0x0005fa5d       0x94 src/digitalIO/digitalIO.o
                              0x5dc2e (size before relaxing)
 .debug_str     0x0005faf1       0x36 src/main.o
                              0x5ce3e (size before relaxing)

.debug_frame    0x00000000      0xeb4
 .debug_frame   0x00000000      0x168 src/ASF/sam/drivers/dacc/dacc.o
 .debug_frame   0x00000168       0x20 src/wdt.o
 .debug_frame   0x00000188      0x198 src/ASF/sam/drivers/tc/tc.o
 .debug_frame   0x00000320       0x80 src/ASF/sam/drivers/trng/trng.o
 .debug_frame   0x000003a0       0x2c src/da.o
 .debug_frame   0x000003cc       0x7c src/timerinterrupt.o
 .debug_frame   0x00000448       0x40 src/DelayFunctions.o
 .debug_frame   0x00000488       0x88 src/ASF/common/services/clock/sam3x/sysclk.o
 .debug_frame   0x00000510       0x28 src/ASF/sam/boards/arduino_due_x/init.o
 .debug_frame   0x00000538      0x2b0 src/ASF/sam/drivers/pio/pio.o
 .debug_frame   0x000007e8       0xf8 src/ASF/sam/drivers/pio/pio_handler.o
 .debug_frame   0x000008e0      0x3f8 src/ASF/sam/drivers/pmc/pmc.o
 .debug_frame   0x00000cd8       0x20 src/ASF/sam/utils/cmsis/sam3x/source/templates/exceptions.o
 .debug_frame   0x00000cf8       0x28 src/ASF/sam/utils/cmsis/sam3x/source/templates/gcc/startup_sam3x.o
 .debug_frame   0x00000d20       0x48 src/ASF/sam/utils/cmsis/sam3x/source/templates/system_sam3x.o
 .debug_frame   0x00000d68       0x30 src/digitalIO/digitalIO.o
 .debug_frame   0x00000d98       0x2c src/main.o
 .debug_frame   0x00000dc4       0x2c c:/program files (x86)/atmel/atmel toolchain/arm gcc/native/4.8.1443/arm-gnu-toolchain/bin/../lib/gcc/arm-none-eabi/4.8.4/../../../../arm-none-eabi/lib/armv7-m\libc.a(lib_a-init.o)
 .debug_frame   0x00000df0       0x48 c:/program files (x86)/atmel/atmel toolchain/arm gcc/native/4.8.1443/arm-gnu-toolchain/bin/../lib/gcc/arm-none-eabi/4.8.4/../../../../arm-none-eabi/lib/armv7-m\libc.a(lib_a-__call_atexit.o)
 .debug_frame   0x00000e38       0x20 c:/program files (x86)/atmel/atmel toolchain/arm gcc/native/4.8.1443/arm-gnu-toolchain/bin/../lib/gcc/arm-none-eabi/4.8.4/../../../../arm-none-eabi/lib/armv7-m\libc.a(lib_a-atexit.o)
 .debug_frame   0x00000e58       0x2c c:/program files (x86)/atmel/atmel toolchain/arm gcc/native/4.8.1443/arm-gnu-toolchain/bin/../lib/gcc/arm-none-eabi/4.8.4/../../../../arm-none-eabi/lib/armv7-m\libc.a(lib_a-fini.o)
 .debug_frame   0x00000e84       0x30 c:/program files (x86)/atmel/atmel toolchain/arm gcc/native/4.8.1443/arm-gnu-toolchain/bin/../lib/gcc/arm-none-eabi/4.8.4/../../../../arm-none-eabi/lib/armv7-m\libc.a(lib_a-__atexit.o)

Cross Reference Table

Symbol                                            File
ADC_Handler                                       src/ASF/sam/utils/cmsis/sam3x/source/templates/exceptions.o
                                                  src/ASF/sam/utils/cmsis/sam3x/source/templates/gcc/startup_sam3x.o
BusFault_Handler                                  src/ASF/sam/utils/cmsis/sam3x/source/templates/exceptions.o
                                                  src/ASF/sam/utils/cmsis/sam3x/source/templates/gcc/startup_sam3x.o
CAN0_Handler                                      src/ASF/sam/utils/cmsis/sam3x/source/templates/exceptions.o
                                                  src/ASF/sam/utils/cmsis/sam3x/source/templates/gcc/startup_sam3x.o
CAN1_Handler                                      src/ASF/sam/utils/cmsis/sam3x/source/templates/exceptions.o
                                                  src/ASF/sam/utils/cmsis/sam3x/source/templates/gcc/startup_sam3x.o
DACC_Handler                                      src/ASF/sam/utils/cmsis/sam3x/source/templates/exceptions.o
                                                  src/ASF/sam/utils/cmsis/sam3x/source/templates/gcc/startup_sam3x.o
DMAC_Handler                                      src/ASF/sam/utils/cmsis/sam3x/source/templates/exceptions.o
                                                  src/ASF/sam/utils/cmsis/sam3x/source/templates/gcc/startup_sam3x.o
DebugMon_Handler                                  src/ASF/sam/utils/cmsis/sam3x/source/templates/exceptions.o
                                                  src/ASF/sam/utils/cmsis/sam3x/source/templates/gcc/startup_sam3x.o
Dummy_Handler                                     src/ASF/sam/utils/cmsis/sam3x/source/templates/exceptions.o
EFC0_Handler                                      src/ASF/sam/utils/cmsis/sam3x/source/templates/exceptions.o
                                                  src/ASF/sam/utils/cmsis/sam3x/source/templates/gcc/startup_sam3x.o
EFC1_Handler                                      src/ASF/sam/utils/cmsis/sam3x/source/templates/exceptions.o
                                                  src/ASF/sam/utils/cmsis/sam3x/source/templates/gcc/startup_sam3x.o
EMAC_Handler                                      src/ASF/sam/utils/cmsis/sam3x/source/templates/exceptions.o
                                                  src/ASF/sam/utils/cmsis/sam3x/source/templates/gcc/startup_sam3x.o
HSMCI_Handler                                     src/ASF/sam/utils/cmsis/sam3x/source/templates/exceptions.o
                                                  src/ASF/sam/utils/cmsis/sam3x/source/templates/gcc/startup_sam3x.o
HardFault_Handler                                 src/ASF/sam/utils/cmsis/sam3x/source/templates/exceptions.o
                                                  src/ASF/sam/utils/cmsis/sam3x/source/templates/gcc/startup_sam3x.o
MemManage_Handler                                 src/ASF/sam/utils/cmsis/sam3x/source/templates/exceptions.o
                                                  src/ASF/sam/utils/cmsis/sam3x/source/templates/gcc/startup_sam3x.o
NMI_Handler                                       src/ASF/sam/utils/cmsis/sam3x/source/templates/exceptions.o
                                                  src/ASF/sam/utils/cmsis/sam3x/source/templates/gcc/startup_sam3x.o
Nibble                                            src/main.o
                                                  src/timerinterrupt.o
PIOA_Handler                                      src/ASF/sam/drivers/pio/pio_handler.o
                                                  src/ASF/sam/utils/cmsis/sam3x/source/templates/gcc/startup_sam3x.o
PIOB_Handler                                      src/ASF/sam/drivers/pio/pio_handler.o
                                                  src/ASF/sam/utils/cmsis/sam3x/source/templates/gcc/startup_sam3x.o
PIOC_Handler                                      src/ASF/sam/drivers/pio/pio_handler.o
                                                  src/ASF/sam/utils/cmsis/sam3x/source/templates/gcc/startup_sam3x.o
PIOD_Handler                                      src/ASF/sam/drivers/pio/pio_handler.o
                                                  src/ASF/sam/utils/cmsis/sam3x/source/templates/gcc/startup_sam3x.o
PMC_Handler                                       src/ASF/sam/utils/cmsis/sam3x/source/templates/exceptions.o
                                                  src/ASF/sam/utils/cmsis/sam3x/source/templates/gcc/startup_sam3x.o
PWM_Handler                                       src/ASF/sam/utils/cmsis/sam3x/source/templates/exceptions.o
                                                  src/ASF/sam/utils/cmsis/sam3x/source/templates/gcc/startup_sam3x.o
PendSV_Handler                                    src/ASF/sam/utils/cmsis/sam3x/source/templates/exceptions.o
                                                  src/ASF/sam/utils/cmsis/sam3x/source/templates/gcc/startup_sam3x.o
RSTC_Handler                                      src/ASF/sam/utils/cmsis/sam3x/source/templates/exceptions.o
                                                  src/ASF/sam/utils/cmsis/sam3x/source/templates/gcc/startup_sam3x.o
RTC_Handler                                       src/ASF/sam/utils/cmsis/sam3x/source/templates/exceptions.o
                                                  src/ASF/sam/utils/cmsis/sam3x/source/templates/gcc/startup_sam3x.o
RTT_Handler                                       src/ASF/sam/utils/cmsis/sam3x/source/templates/exceptions.o
                                                  src/ASF/sam/utils/cmsis/sam3x/source/templates/gcc/startup_sam3x.o
Reset_Handler                                     src/ASF/sam/utils/cmsis/sam3x/source/templates/gcc/startup_sam3x.o
SMC_Handler                                       src/ASF/sam/utils/cmsis/sam3x/source/templates/exceptions.o
                                                  src/ASF/sam/utils/cmsis/sam3x/source/templates/gcc/startup_sam3x.o
SPI0_Handler                                      src/ASF/sam/utils/cmsis/sam3x/source/templates/exceptions.o
                                                  src/ASF/sam/utils/cmsis/sam3x/source/templates/gcc/startup_sam3x.o
SSC_Handler                                       src/ASF/sam/utils/cmsis/sam3x/source/templates/exceptions.o
                                                  src/ASF/sam/utils/cmsis/sam3x/source/templates/gcc/startup_sam3x.o
SUPC_Handler                                      src/ASF/sam/utils/cmsis/sam3x/source/templates/exceptions.o
                                                  src/ASF/sam/utils/cmsis/sam3x/source/templates/gcc/startup_sam3x.o
SVC_Handler                                       src/ASF/sam/utils/cmsis/sam3x/source/templates/exceptions.o
                                                  src/ASF/sam/utils/cmsis/sam3x/source/templates/gcc/startup_sam3x.o
SysTick_Handler                                   src/ASF/sam/utils/cmsis/sam3x/source/templates/exceptions.o
                                                  src/ASF/sam/utils/cmsis/sam3x/source/templates/gcc/startup_sam3x.o
SystemCoreClock                                   src/ASF/sam/utils/cmsis/sam3x/source/templates/system_sam3x.o
SystemCoreClockUpdate                             src/ASF/sam/utils/cmsis/sam3x/source/templates/system_sam3x.o
                                                  src/ASF/common/services/clock/sam3x/sysclk.o
SystemInit                                        src/ASF/sam/utils/cmsis/sam3x/source/templates/system_sam3x.o
TC0_Handler                                       src/timerinterrupt.o
                                                  src/ASF/sam/utils/cmsis/sam3x/source/templates/gcc/startup_sam3x.o
TC1_Handler                                       src/ASF/sam/utils/cmsis/sam3x/source/templates/exceptions.o
                                                  src/ASF/sam/utils/cmsis/sam3x/source/templates/gcc/startup_sam3x.o
TC2_Handler                                       src/ASF/sam/utils/cmsis/sam3x/source/templates/exceptions.o
                                                  src/ASF/sam/utils/cmsis/sam3x/source/templates/gcc/startup_sam3x.o
TC3_Handler                                       src/ASF/sam/utils/cmsis/sam3x/source/templates/exceptions.o
                                                  src/ASF/sam/utils/cmsis/sam3x/source/templates/gcc/startup_sam3x.o
TC4_Handler                                       src/timerinterrupt.o
                                                  src/ASF/sam/utils/cmsis/sam3x/source/templates/gcc/startup_sam3x.o
TC5_Handler                                       src/ASF/sam/utils/cmsis/sam3x/source/templates/exceptions.o
                                                  src/ASF/sam/utils/cmsis/sam3x/source/templates/gcc/startup_sam3x.o
TC6_Handler                                       src/ASF/sam/utils/cmsis/sam3x/source/templates/exceptions.o
                                                  src/ASF/sam/utils/cmsis/sam3x/source/templates/gcc/startup_sam3x.o
TC7_Handler                                       src/ASF/sam/utils/cmsis/sam3x/source/templates/exceptions.o
                                                  src/ASF/sam/utils/cmsis/sam3x/source/templates/gcc/startup_sam3x.o
TC8_Handler                                       src/ASF/sam/utils/cmsis/sam3x/source/templates/exceptions.o
                                                  src/ASF/sam/utils/cmsis/sam3x/source/templates/gcc/startup_sam3x.o
TRNG_Handler                                      src/ASF/sam/utils/cmsis/sam3x/source/templates/exceptions.o
                                                  src/ASF/sam/utils/cmsis/sam3x/source/templates/gcc/startup_sam3x.o
TWI0_Handler                                      src/ASF/sam/utils/cmsis/sam3x/source/templates/exceptions.o
                                                  src/ASF/sam/utils/cmsis/sam3x/source/templates/gcc/startup_sam3x.o
TWI1_Handler                                      src/ASF/sam/utils/cmsis/sam3x/source/templates/exceptions.o
                                                  src/ASF/sam/utils/cmsis/sam3x/source/templates/gcc/startup_sam3x.o
UART_Handler                                      src/ASF/sam/utils/cmsis/sam3x/source/templates/exceptions.o
                                                  src/ASF/sam/utils/cmsis/sam3x/source/templates/gcc/startup_sam3x.o
UOTGHS_Handler                                    src/ASF/sam/utils/cmsis/sam3x/source/templates/exceptions.o
                                                  src/ASF/sam/utils/cmsis/sam3x/source/templates/gcc/startup_sam3x.o
USART0_Handler                                    src/ASF/sam/utils/cmsis/sam3x/source/templates/exceptions.o
                                                  src/ASF/sam/utils/cmsis/sam3x/source/templates/gcc/startup_sam3x.o
USART1_Handler                                    src/ASF/sam/utils/cmsis/sam3x/source/templates/exceptions.o
                                                  src/ASF/sam/utils/cmsis/sam3x/source/templates/gcc/startup_sam3x.o
USART2_Handler                                    src/ASF/sam/utils/cmsis/sam3x/source/templates/exceptions.o
                                                  src/ASF/sam/utils/cmsis/sam3x/source/templates/gcc/startup_sam3x.o
USART3_Handler                                    src/ASF/sam/utils/cmsis/sam3x/source/templates/exceptions.o
                                                  src/ASF/sam/utils/cmsis/sam3x/source/templates/gcc/startup_sam3x.o
UsageFault_Handler                                src/ASF/sam/utils/cmsis/sam3x/source/templates/exceptions.o
                                                  src/ASF/sam/utils/cmsis/sam3x/source/templates/gcc/startup_sam3x.o
WDT_Handler                                       src/ASF/sam/utils/cmsis/sam3x/source/templates/exceptions.o
                                                  src/ASF/sam/utils/cmsis/sam3x/source/templates/gcc/startup_sam3x.o
_Jv_RegisterClasses                               c:/program files (x86)/atmel/atmel toolchain/arm gcc/native/4.8.1443/arm-gnu-toolchain/bin/../lib/gcc/arm-none-eabi/4.8.4/armv7-m/crtbegin.o
_PathLocale                                       c:/program files (x86)/atmel/atmel toolchain/arm gcc/native/4.8.1443/arm-gnu-toolchain/bin/../lib/gcc/arm-none-eabi/4.8.4/../../../../arm-none-eabi/lib/armv7-m\libc.a(lib_a-locale.o)
__aeabi_idiv0                                     c:/program files (x86)/atmel/atmel toolchain/arm gcc/native/4.8.1443/arm-gnu-toolchain/bin/../lib/gcc/arm-none-eabi/4.8.4/armv7-m\libgcc.a(_dvmd_tls.o)
__aeabi_ldiv0                                     c:/program files (x86)/atmel/atmel toolchain/arm gcc/native/4.8.1443/arm-gnu-toolchain/bin/../lib/gcc/arm-none-eabi/4.8.4/armv7-m\libgcc.a(_dvmd_tls.o)
                                                  c:/program files (x86)/atmel/atmel toolchain/arm gcc/native/4.8.1443/arm-gnu-toolchain/bin/../lib/gcc/arm-none-eabi/4.8.4/armv7-m\libgcc.a(_aeabi_uldivmod.o)
__aeabi_uldivmod                                  c:/program files (x86)/atmel/atmel toolchain/arm gcc/native/4.8.1443/arm-gnu-toolchain/bin/../lib/gcc/arm-none-eabi/4.8.4/armv7-m\libgcc.a(_aeabi_uldivmod.o)
                                                  c:/program files (x86)/atmel/atmel toolchain/arm gcc/native/4.8.1443/arm-gnu-toolchain/bin/../lib/gcc/arm-none-eabi/4.8.4/../../../../arm-none-eabi/lib/armv7-m\libc.a(lib_a-vfiprintf.o)
__ascii_wctomb                                    c:/program files (x86)/atmel/atmel toolchain/arm gcc/native/4.8.1443/arm-gnu-toolchain/bin/../lib/gcc/arm-none-eabi/4.8.4/../../../../arm-none-eabi/lib/armv7-m\libc.a(lib_a-wctomb_r.o)
__bss_end__                                       c:/program files (x86)/atmel/atmel toolchain/arm gcc/native/4.8.1443/arm-gnu-toolchain/bin/../lib/gcc/arm-none-eabi/4.8.4/../../../../arm-none-eabi/lib/armv7-m/crt0.o
__bss_start__                                     c:/program files (x86)/atmel/atmel toolchain/arm gcc/native/4.8.1443/arm-gnu-toolchain/bin/../lib/gcc/arm-none-eabi/4.8.4/../../../../arm-none-eabi/lib/armv7-m/crt0.o
__call_exitprocs                                  c:/program files (x86)/atmel/atmel toolchain/arm gcc/native/4.8.1443/arm-gnu-toolchain/bin/../lib/gcc/arm-none-eabi/4.8.4/../../../../arm-none-eabi/lib/armv7-m\libc.a(lib_a-__call_atexit.o)
                                                  c:/program files (x86)/atmel/atmel toolchain/arm gcc/native/4.8.1443/arm-gnu-toolchain/bin/../lib/gcc/arm-none-eabi/4.8.4/../../../../arm-none-eabi/lib/armv7-m\libc.a(lib_a-exit.o)
__deregister_frame_info                           c:/program files (x86)/atmel/atmel toolchain/arm gcc/native/4.8.1443/arm-gnu-toolchain/bin/../lib/gcc/arm-none-eabi/4.8.4/armv7-m/crtbegin.o
__divdi3                                          c:/program files (x86)/atmel/atmel toolchain/arm gcc/native/4.8.1443/arm-gnu-toolchain/bin/../lib/gcc/arm-none-eabi/4.8.4/armv7-m\libgcc.a(_divdi3.o)
                                                  c:/program files (x86)/atmel/atmel toolchain/arm gcc/native/4.8.1443/arm-gnu-toolchain/bin/../lib/gcc/arm-none-eabi/4.8.4/armv7-m\libgcc.a(bpabi.o)
__dso_handle                                      c:/program files (x86)/atmel/atmel toolchain/arm gcc/native/4.8.1443/arm-gnu-toolchain/bin/../lib/gcc/arm-none-eabi/4.8.4/armv7-m/crtbegin.o
__fini_array_end                                  c:/program files (x86)/atmel/atmel toolchain/arm gcc/native/4.8.1443/arm-gnu-toolchain/bin/../lib/gcc/arm-none-eabi/4.8.4/../../../../arm-none-eabi/lib/armv7-m\libc.a(lib_a-fini.o)
__fini_array_start                                c:/program files (x86)/atmel/atmel toolchain/arm gcc/native/4.8.1443/arm-gnu-toolchain/bin/../lib/gcc/arm-none-eabi/4.8.4/../../../../arm-none-eabi/lib/armv7-m\libc.a(lib_a-fini.o)
__fp_lock_all                                     c:/program files (x86)/atmel/atmel toolchain/arm gcc/native/4.8.1443/arm-gnu-toolchain/bin/../lib/gcc/arm-none-eabi/4.8.4/../../../../arm-none-eabi/lib/armv7-m\libc.a(lib_a-findfp.o)
__fp_unlock_all                                   c:/program files (x86)/atmel/atmel toolchain/arm gcc/native/4.8.1443/arm-gnu-toolchain/bin/../lib/gcc/arm-none-eabi/4.8.4/../../../../arm-none-eabi/lib/armv7-m\libc.a(lib_a-findfp.o)
__gnu_ldivmod_helper                              c:/program files (x86)/atmel/atmel toolchain/arm gcc/native/4.8.1443/arm-gnu-toolchain/bin/../lib/gcc/arm-none-eabi/4.8.4/armv7-m\libgcc.a(bpabi.o)
__gnu_uldivmod_helper                             c:/program files (x86)/atmel/atmel toolchain/arm gcc/native/4.8.1443/arm-gnu-toolchain/bin/../lib/gcc/arm-none-eabi/4.8.4/armv7-m\libgcc.a(bpabi.o)
                                                  c:/program files (x86)/atmel/atmel toolchain/arm gcc/native/4.8.1443/arm-gnu-toolchain/bin/../lib/gcc/arm-none-eabi/4.8.4/armv7-m\libgcc.a(_aeabi_uldivmod.o)
__init_array_end                                  c:/program files (x86)/atmel/atmel toolchain/arm gcc/native/4.8.1443/arm-gnu-toolchain/bin/../lib/gcc/arm-none-eabi/4.8.4/../../../../arm-none-eabi/lib/armv7-m\libc.a(lib_a-init.o)
__init_array_start                                c:/program files (x86)/atmel/atmel toolchain/arm gcc/native/4.8.1443/arm-gnu-toolchain/bin/../lib/gcc/arm-none-eabi/4.8.4/../../../../arm-none-eabi/lib/armv7-m\libc.a(lib_a-init.o)
__libc_fini                                       c:/program files (x86)/atmel/atmel toolchain/arm gcc/native/4.8.1443/arm-gnu-toolchain/bin/../lib/gcc/arm-none-eabi/4.8.4/../../../../arm-none-eabi/lib/armv7-m\libc.a(lib_a-__call_atexit.o)
__libc_fini_array                                 c:/program files (x86)/atmel/atmel toolchain/arm gcc/native/4.8.1443/arm-gnu-toolchain/bin/../lib/gcc/arm-none-eabi/4.8.4/../../../../arm-none-eabi/lib/armv7-m\libc.a(lib_a-fini.o)
                                                  c:/program files (x86)/atmel/atmel toolchain/arm gcc/native/4.8.1443/arm-gnu-toolchain/bin/../lib/gcc/arm-none-eabi/4.8.4/../../../../arm-none-eabi/lib/armv7-m\libc.a(lib_a-__call_atexit.o)
                                                  c:/program files (x86)/atmel/atmel toolchain/arm gcc/native/4.8.1443/arm-gnu-toolchain/bin/../lib/gcc/arm-none-eabi/4.8.4/../../../../arm-none-eabi/lib/armv7-m/crt0.o
__libc_init_array                                 c:/program files (x86)/atmel/atmel toolchain/arm gcc/native/4.8.1443/arm-gnu-toolchain/bin/../lib/gcc/arm-none-eabi/4.8.4/../../../../arm-none-eabi/lib/armv7-m\libc.a(lib_a-init.o)
                                                  src/ASF/sam/utils/cmsis/sam3x/source/templates/gcc/startup_sam3x.o
                                                  c:/program files (x86)/atmel/atmel toolchain/arm gcc/native/4.8.1443/arm-gnu-toolchain/bin/../lib/gcc/arm-none-eabi/4.8.4/../../../../arm-none-eabi/lib/armv7-m/crt0.o
__locale_charset                                  c:/program files (x86)/atmel/atmel toolchain/arm gcc/native/4.8.1443/arm-gnu-toolchain/bin/../lib/gcc/arm-none-eabi/4.8.4/../../../../arm-none-eabi/lib/armv7-m\libc.a(lib_a-locale.o)
                                                  c:/program files (x86)/atmel/atmel toolchain/arm gcc/native/4.8.1443/arm-gnu-toolchain/bin/../lib/gcc/arm-none-eabi/4.8.4/../../../../arm-none-eabi/lib/armv7-m\libc.a(lib_a-wctomb_r.o)
                                                  c:/program files (x86)/atmel/atmel toolchain/arm gcc/native/4.8.1443/arm-gnu-toolchain/bin/../lib/gcc/arm-none-eabi/4.8.4/../../../../arm-none-eabi/lib/armv7-m\libc.a(lib_a-wcrtomb.o)
__locale_cjk_lang                                 c:/program files (x86)/atmel/atmel toolchain/arm gcc/native/4.8.1443/arm-gnu-toolchain/bin/../lib/gcc/arm-none-eabi/4.8.4/../../../../arm-none-eabi/lib/armv7-m\libc.a(lib_a-locale.o)
__locale_mb_cur_max                               c:/program files (x86)/atmel/atmel toolchain/arm gcc/native/4.8.1443/arm-gnu-toolchain/bin/../lib/gcc/arm-none-eabi/4.8.4/../../../../arm-none-eabi/lib/armv7-m\libc.a(lib_a-locale.o)
                                                  c:/program files (x86)/atmel/atmel toolchain/arm gcc/native/4.8.1443/arm-gnu-toolchain/bin/../lib/gcc/arm-none-eabi/4.8.4/../../../../arm-none-eabi/lib/armv7-m\libc.a(lib_a-fputwc.o)
__locale_msgcharset                               c:/program files (x86)/atmel/atmel toolchain/arm gcc/native/4.8.1443/arm-gnu-toolchain/bin/../lib/gcc/arm-none-eabi/4.8.4/../../../../arm-none-eabi/lib/armv7-m\libc.a(lib_a-locale.o)
__malloc_av_                                      c:/program files (x86)/atmel/atmel toolchain/arm gcc/native/4.8.1443/arm-gnu-toolchain/bin/../lib/gcc/arm-none-eabi/4.8.4/../../../../arm-none-eabi/lib/armv7-m\libc.a(lib_a-mallocr.o)
                                                  c:/program files (x86)/atmel/atmel toolchain/arm gcc/native/4.8.1443/arm-gnu-toolchain/bin/../lib/gcc/arm-none-eabi/4.8.4/../../../../arm-none-eabi/lib/armv7-m\libc.a(lib_a-reallocr.o)
                                                  c:/program files (x86)/atmel/atmel toolchain/arm gcc/native/4.8.1443/arm-gnu-toolchain/bin/../lib/gcc/arm-none-eabi/4.8.4/../../../../arm-none-eabi/lib/armv7-m\libc.a(lib_a-freer.o)
__malloc_current_mallinfo                         c:/program files (x86)/atmel/atmel toolchain/arm gcc/native/4.8.1443/arm-gnu-toolchain/bin/../lib/gcc/arm-none-eabi/4.8.4/../../../../arm-none-eabi/lib/armv7-m\libc.a(lib_a-mallocr.o)
                                                  c:/program files (x86)/atmel/atmel toolchain/arm gcc/native/4.8.1443/arm-gnu-toolchain/bin/../lib/gcc/arm-none-eabi/4.8.4/../../../../arm-none-eabi/lib/armv7-m\libc.a(lib_a-freer.o)
__malloc_lock                                     c:/program files (x86)/atmel/atmel toolchain/arm gcc/native/4.8.1443/arm-gnu-toolchain/bin/../lib/gcc/arm-none-eabi/4.8.4/../../../../arm-none-eabi/lib/armv7-m\libc.a(lib_a-mlock.o)
                                                  c:/program files (x86)/atmel/atmel toolchain/arm gcc/native/4.8.1443/arm-gnu-toolchain/bin/../lib/gcc/arm-none-eabi/4.8.4/../../../../arm-none-eabi/lib/armv7-m\libc.a(lib_a-reallocr.o)
                                                  c:/program files (x86)/atmel/atmel toolchain/arm gcc/native/4.8.1443/arm-gnu-toolchain/bin/../lib/gcc/arm-none-eabi/4.8.4/../../../../arm-none-eabi/lib/armv7-m\libc.a(lib_a-mallocr.o)
                                                  c:/program files (x86)/atmel/atmel toolchain/arm gcc/native/4.8.1443/arm-gnu-toolchain/bin/../lib/gcc/arm-none-eabi/4.8.4/../../../../arm-none-eabi/lib/armv7-m\libc.a(lib_a-freer.o)
__malloc_max_sbrked_mem                           c:/program files (x86)/atmel/atmel toolchain/arm gcc/native/4.8.1443/arm-gnu-toolchain/bin/../lib/gcc/arm-none-eabi/4.8.4/../../../../arm-none-eabi/lib/armv7-m\libc.a(lib_a-mallocr.o)
__malloc_max_total_mem                            c:/program files (x86)/atmel/atmel toolchain/arm gcc/native/4.8.1443/arm-gnu-toolchain/bin/../lib/gcc/arm-none-eabi/4.8.4/../../../../arm-none-eabi/lib/armv7-m\libc.a(lib_a-mallocr.o)
__malloc_sbrk_base                                c:/program files (x86)/atmel/atmel toolchain/arm gcc/native/4.8.1443/arm-gnu-toolchain/bin/../lib/gcc/arm-none-eabi/4.8.4/../../../../arm-none-eabi/lib/armv7-m\libc.a(lib_a-mallocr.o)
                                                  c:/program files (x86)/atmel/atmel toolchain/arm gcc/native/4.8.1443/arm-gnu-toolchain/bin/../lib/gcc/arm-none-eabi/4.8.4/../../../../arm-none-eabi/lib/armv7-m\libc.a(lib_a-freer.o)
__malloc_top_pad                                  c:/program files (x86)/atmel/atmel toolchain/arm gcc/native/4.8.1443/arm-gnu-toolchain/bin/../lib/gcc/arm-none-eabi/4.8.4/../../../../arm-none-eabi/lib/armv7-m\libc.a(lib_a-mallocr.o)
                                                  c:/program files (x86)/atmel/atmel toolchain/arm gcc/native/4.8.1443/arm-gnu-toolchain/bin/../lib/gcc/arm-none-eabi/4.8.4/../../../../arm-none-eabi/lib/armv7-m\libc.a(lib_a-freer.o)
__malloc_trim_threshold                           c:/program files (x86)/atmel/atmel toolchain/arm gcc/native/4.8.1443/arm-gnu-toolchain/bin/../lib/gcc/arm-none-eabi/4.8.4/../../../../arm-none-eabi/lib/armv7-m\libc.a(lib_a-mallocr.o)
                                                  c:/program files (x86)/atmel/atmel toolchain/arm gcc/native/4.8.1443/arm-gnu-toolchain/bin/../lib/gcc/arm-none-eabi/4.8.4/../../../../arm-none-eabi/lib/armv7-m\libc.a(lib_a-freer.o)
__malloc_unlock                                   c:/program files (x86)/atmel/atmel toolchain/arm gcc/native/4.8.1443/arm-gnu-toolchain/bin/../lib/gcc/arm-none-eabi/4.8.4/../../../../arm-none-eabi/lib/armv7-m\libc.a(lib_a-mlock.o)
                                                  c:/program files (x86)/atmel/atmel toolchain/arm gcc/native/4.8.1443/arm-gnu-toolchain/bin/../lib/gcc/arm-none-eabi/4.8.4/../../../../arm-none-eabi/lib/armv7-m\libc.a(lib_a-reallocr.o)
                                                  c:/program files (x86)/atmel/atmel toolchain/arm gcc/native/4.8.1443/arm-gnu-toolchain/bin/../lib/gcc/arm-none-eabi/4.8.4/../../../../arm-none-eabi/lib/armv7-m\libc.a(lib_a-mallocr.o)
                                                  c:/program files (x86)/atmel/atmel toolchain/arm gcc/native/4.8.1443/arm-gnu-toolchain/bin/../lib/gcc/arm-none-eabi/4.8.4/../../../../arm-none-eabi/lib/armv7-m\libc.a(lib_a-freer.o)
__mb_cur_max                                      c:/program files (x86)/atmel/atmel toolchain/arm gcc/native/4.8.1443/arm-gnu-toolchain/bin/../lib/gcc/arm-none-eabi/4.8.4/../../../../arm-none-eabi/lib/armv7-m\libc.a(lib_a-locale.o)
__mlocale_changed                                 c:/program files (x86)/atmel/atmel toolchain/arm gcc/native/4.8.1443/arm-gnu-toolchain/bin/../lib/gcc/arm-none-eabi/4.8.4/../../../../arm-none-eabi/lib/armv7-m\libc.a(lib_a-locale.o)
__nlocale_changed                                 c:/program files (x86)/atmel/atmel toolchain/arm gcc/native/4.8.1443/arm-gnu-toolchain/bin/../lib/gcc/arm-none-eabi/4.8.4/../../../../arm-none-eabi/lib/armv7-m\libc.a(lib_a-locale.o)
__preinit_array_end                               c:/program files (x86)/atmel/atmel toolchain/arm gcc/native/4.8.1443/arm-gnu-toolchain/bin/../lib/gcc/arm-none-eabi/4.8.4/../../../../arm-none-eabi/lib/armv7-m\libc.a(lib_a-init.o)
__preinit_array_start                             c:/program files (x86)/atmel/atmel toolchain/arm gcc/native/4.8.1443/arm-gnu-toolchain/bin/../lib/gcc/arm-none-eabi/4.8.4/../../../../arm-none-eabi/lib/armv7-m\libc.a(lib_a-init.o)
__ram_end__                                       src/ASF/sam/utils/syscalls/gcc/syscalls.o
__register_exitproc                               c:/program files (x86)/atmel/atmel toolchain/arm gcc/native/4.8.1443/arm-gnu-toolchain/bin/../lib/gcc/arm-none-eabi/4.8.4/../../../../arm-none-eabi/lib/armv7-m\libc.a(lib_a-__atexit.o)
                                                  c:/program files (x86)/atmel/atmel toolchain/arm gcc/native/4.8.1443/arm-gnu-toolchain/bin/../lib/gcc/arm-none-eabi/4.8.4/../../../../arm-none-eabi/lib/armv7-m\libc.a(lib_a-atexit.o)
__register_frame_info                             c:/program files (x86)/atmel/atmel toolchain/arm gcc/native/4.8.1443/arm-gnu-toolchain/bin/../lib/gcc/arm-none-eabi/4.8.4/armv7-m/crtbegin.o
__sclose                                          c:/program files (x86)/atmel/atmel toolchain/arm gcc/native/4.8.1443/arm-gnu-toolchain/bin/../lib/gcc/arm-none-eabi/4.8.4/../../../../arm-none-eabi/lib/armv7-m\libc.a(lib_a-stdio.o)
                                                  c:/program files (x86)/atmel/atmel toolchain/arm gcc/native/4.8.1443/arm-gnu-toolchain/bin/../lib/gcc/arm-none-eabi/4.8.4/../../../../arm-none-eabi/lib/armv7-m\libc.a(lib_a-findfp.o)
__seofread                                        c:/program files (x86)/atmel/atmel toolchain/arm gcc/native/4.8.1443/arm-gnu-toolchain/bin/../lib/gcc/arm-none-eabi/4.8.4/../../../../arm-none-eabi/lib/armv7-m\libc.a(lib_a-stdio.o)
__sflush_r                                        c:/program files (x86)/atmel/atmel toolchain/arm gcc/native/4.8.1443/arm-gnu-toolchain/bin/../lib/gcc/arm-none-eabi/4.8.4/../../../../arm-none-eabi/lib/armv7-m\libc.a(lib_a-fflush.o)
__sfmoreglue                                      c:/program files (x86)/atmel/atmel toolchain/arm gcc/native/4.8.1443/arm-gnu-toolchain/bin/../lib/gcc/arm-none-eabi/4.8.4/../../../../arm-none-eabi/lib/armv7-m\libc.a(lib_a-findfp.o)
__sfp                                             c:/program files (x86)/atmel/atmel toolchain/arm gcc/native/4.8.1443/arm-gnu-toolchain/bin/../lib/gcc/arm-none-eabi/4.8.4/../../../../arm-none-eabi/lib/armv7-m\libc.a(lib_a-findfp.o)
__sfp_lock_acquire                                c:/program files (x86)/atmel/atmel toolchain/arm gcc/native/4.8.1443/arm-gnu-toolchain/bin/../lib/gcc/arm-none-eabi/4.8.4/../../../../arm-none-eabi/lib/armv7-m\libc.a(lib_a-findfp.o)
                                                  c:/program files (x86)/atmel/atmel toolchain/arm gcc/native/4.8.1443/arm-gnu-toolchain/bin/../lib/gcc/arm-none-eabi/4.8.4/../../../../arm-none-eabi/lib/armv7-m\libc.a(lib_a-fclose.o)
__sfp_lock_release                                c:/program files (x86)/atmel/atmel toolchain/arm gcc/native/4.8.1443/arm-gnu-toolchain/bin/../lib/gcc/arm-none-eabi/4.8.4/../../../../arm-none-eabi/lib/armv7-m\libc.a(lib_a-findfp.o)
                                                  c:/program files (x86)/atmel/atmel toolchain/arm gcc/native/4.8.1443/arm-gnu-toolchain/bin/../lib/gcc/arm-none-eabi/4.8.4/../../../../arm-none-eabi/lib/armv7-m\libc.a(lib_a-fclose.o)
__sfvwrite_r                                      c:/program files (x86)/atmel/atmel toolchain/arm gcc/native/4.8.1443/arm-gnu-toolchain/bin/../lib/gcc/arm-none-eabi/4.8.4/../../../../arm-none-eabi/lib/armv7-m\libc.a(lib_a-fvwrite.o)
                                                  c:/program files (x86)/atmel/atmel toolchain/arm gcc/native/4.8.1443/arm-gnu-toolchain/bin/../lib/gcc/arm-none-eabi/4.8.4/../../../../arm-none-eabi/lib/armv7-m\libc.a(lib_a-vfiprintf.o)
__sinit                                           c:/program files (x86)/atmel/atmel toolchain/arm gcc/native/4.8.1443/arm-gnu-toolchain/bin/../lib/gcc/arm-none-eabi/4.8.4/../../../../arm-none-eabi/lib/armv7-m\libc.a(lib_a-findfp.o)
                                                  c:/program files (x86)/atmel/atmel toolchain/arm gcc/native/4.8.1443/arm-gnu-toolchain/bin/../lib/gcc/arm-none-eabi/4.8.4/../../../../arm-none-eabi/lib/armv7-m\libc.a(lib_a-fclose.o)
                                                  c:/program files (x86)/atmel/atmel toolchain/arm gcc/native/4.8.1443/arm-gnu-toolchain/bin/../lib/gcc/arm-none-eabi/4.8.4/../../../../arm-none-eabi/lib/armv7-m\libc.a(lib_a-wbuf.o)
                                                  c:/program files (x86)/atmel/atmel toolchain/arm gcc/native/4.8.1443/arm-gnu-toolchain/bin/../lib/gcc/arm-none-eabi/4.8.4/../../../../arm-none-eabi/lib/armv7-m\libc.a(lib_a-fputwc.o)
                                                  c:/program files (x86)/atmel/atmel toolchain/arm gcc/native/4.8.1443/arm-gnu-toolchain/bin/../lib/gcc/arm-none-eabi/4.8.4/../../../../arm-none-eabi/lib/armv7-m\libc.a(lib_a-fflush.o)
                                                  c:/program files (x86)/atmel/atmel toolchain/arm gcc/native/4.8.1443/arm-gnu-toolchain/bin/../lib/gcc/arm-none-eabi/4.8.4/../../../../arm-none-eabi/lib/armv7-m\libc.a(lib_a-wsetup.o)
                                                  c:/program files (x86)/atmel/atmel toolchain/arm gcc/native/4.8.1443/arm-gnu-toolchain/bin/../lib/gcc/arm-none-eabi/4.8.4/../../../../arm-none-eabi/lib/armv7-m\libc.a(lib_a-vfiprintf.o)
__sinit_lock_acquire                              c:/program files (x86)/atmel/atmel toolchain/arm gcc/native/4.8.1443/arm-gnu-toolchain/bin/../lib/gcc/arm-none-eabi/4.8.4/../../../../arm-none-eabi/lib/armv7-m\libc.a(lib_a-findfp.o)
__sinit_lock_release                              c:/program files (x86)/atmel/atmel toolchain/arm gcc/native/4.8.1443/arm-gnu-toolchain/bin/../lib/gcc/arm-none-eabi/4.8.4/../../../../arm-none-eabi/lib/armv7-m\libc.a(lib_a-findfp.o)
__smakebuf_r                                      c:/program files (x86)/atmel/atmel toolchain/arm gcc/native/4.8.1443/arm-gnu-toolchain/bin/../lib/gcc/arm-none-eabi/4.8.4/../../../../arm-none-eabi/lib/armv7-m\libc.a(lib_a-makebuf.o)
                                                  c:/program files (x86)/atmel/atmel toolchain/arm gcc/native/4.8.1443/arm-gnu-toolchain/bin/../lib/gcc/arm-none-eabi/4.8.4/../../../../arm-none-eabi/lib/armv7-m\libc.a(lib_a-wsetup.o)
__sprint_r                                        c:/program files (x86)/atmel/atmel toolchain/arm gcc/native/4.8.1443/arm-gnu-toolchain/bin/../lib/gcc/arm-none-eabi/4.8.4/../../../../arm-none-eabi/lib/armv7-m\libc.a(lib_a-vfiprintf.o)
__sread                                           c:/program files (x86)/atmel/atmel toolchain/arm gcc/native/4.8.1443/arm-gnu-toolchain/bin/../lib/gcc/arm-none-eabi/4.8.4/../../../../arm-none-eabi/lib/armv7-m\libc.a(lib_a-stdio.o)
                                                  c:/program files (x86)/atmel/atmel toolchain/arm gcc/native/4.8.1443/arm-gnu-toolchain/bin/../lib/gcc/arm-none-eabi/4.8.4/../../../../arm-none-eabi/lib/armv7-m\libc.a(lib_a-findfp.o)
__sseek                                           c:/program files (x86)/atmel/atmel toolchain/arm gcc/native/4.8.1443/arm-gnu-toolchain/bin/../lib/gcc/arm-none-eabi/4.8.4/../../../../arm-none-eabi/lib/armv7-m\libc.a(lib_a-stdio.o)
                                                  c:/program files (x86)/atmel/atmel toolchain/arm gcc/native/4.8.1443/arm-gnu-toolchain/bin/../lib/gcc/arm-none-eabi/4.8.4/../../../../arm-none-eabi/lib/armv7-m\libc.a(lib_a-makebuf.o)
                                                  c:/program files (x86)/atmel/atmel toolchain/arm gcc/native/4.8.1443/arm-gnu-toolchain/bin/../lib/gcc/arm-none-eabi/4.8.4/../../../../arm-none-eabi/lib/armv7-m\libc.a(lib_a-findfp.o)
__stack                                           c:/program files (x86)/atmel/atmel toolchain/arm gcc/native/4.8.1443/arm-gnu-toolchain/bin/../lib/gcc/arm-none-eabi/4.8.4/../../../../arm-none-eabi/lib/armv7-m/crt0.o
__swbuf                                           c:/program files (x86)/atmel/atmel toolchain/arm gcc/native/4.8.1443/arm-gnu-toolchain/bin/../lib/gcc/arm-none-eabi/4.8.4/../../../../arm-none-eabi/lib/armv7-m\libc.a(lib_a-wbuf.o)
__swbuf_r                                         c:/program files (x86)/atmel/atmel toolchain/arm gcc/native/4.8.1443/arm-gnu-toolchain/bin/../lib/gcc/arm-none-eabi/4.8.4/../../../../arm-none-eabi/lib/armv7-m\libc.a(lib_a-wbuf.o)
                                                  c:/program files (x86)/atmel/atmel toolchain/arm gcc/native/4.8.1443/arm-gnu-toolchain/bin/../lib/gcc/arm-none-eabi/4.8.4/../../../../arm-none-eabi/lib/armv7-m\libc.a(lib_a-fputwc.o)
__swrite                                          c:/program files (x86)/atmel/atmel toolchain/arm gcc/native/4.8.1443/arm-gnu-toolchain/bin/../lib/gcc/arm-none-eabi/4.8.4/../../../../arm-none-eabi/lib/armv7-m\libc.a(lib_a-stdio.o)
                                                  c:/program files (x86)/atmel/atmel toolchain/arm gcc/native/4.8.1443/arm-gnu-toolchain/bin/../lib/gcc/arm-none-eabi/4.8.4/../../../../arm-none-eabi/lib/armv7-m\libc.a(lib_a-findfp.o)
__swsetup_r                                       c:/program files (x86)/atmel/atmel toolchain/arm gcc/native/4.8.1443/arm-gnu-toolchain/bin/../lib/gcc/arm-none-eabi/4.8.4/../../../../arm-none-eabi/lib/armv7-m\libc.a(lib_a-wsetup.o)
                                                  c:/program files (x86)/atmel/atmel toolchain/arm gcc/native/4.8.1443/arm-gnu-toolchain/bin/../lib/gcc/arm-none-eabi/4.8.4/../../../../arm-none-eabi/lib/armv7-m\libc.a(lib_a-wbuf.o)
                                                  c:/program files (x86)/atmel/atmel toolchain/arm gcc/native/4.8.1443/arm-gnu-toolchain/bin/../lib/gcc/arm-none-eabi/4.8.4/../../../../arm-none-eabi/lib/armv7-m\libc.a(lib_a-fvwrite.o)
                                                  c:/program files (x86)/atmel/atmel toolchain/arm gcc/native/4.8.1443/arm-gnu-toolchain/bin/../lib/gcc/arm-none-eabi/4.8.4/../../../../arm-none-eabi/lib/armv7-m\libc.a(lib_a-vfiprintf.o)
__udivdi3                                         c:/program files (x86)/atmel/atmel toolchain/arm gcc/native/4.8.1443/arm-gnu-toolchain/bin/../lib/gcc/arm-none-eabi/4.8.4/armv7-m\libgcc.a(_udivdi3.o)
                                                  c:/program files (x86)/atmel/atmel toolchain/arm gcc/native/4.8.1443/arm-gnu-toolchain/bin/../lib/gcc/arm-none-eabi/4.8.4/armv7-m\libgcc.a(bpabi.o)
__wctomb                                          c:/program files (x86)/atmel/atmel toolchain/arm gcc/native/4.8.1443/arm-gnu-toolchain/bin/../lib/gcc/arm-none-eabi/4.8.4/../../../../arm-none-eabi/lib/armv7-m\libc.a(lib_a-wctomb_r.o)
                                                  c:/program files (x86)/atmel/atmel toolchain/arm gcc/native/4.8.1443/arm-gnu-toolchain/bin/../lib/gcc/arm-none-eabi/4.8.4/../../../../arm-none-eabi/lib/armv7-m\libc.a(lib_a-wcrtomb.o)
_cleanup                                          c:/program files (x86)/atmel/atmel toolchain/arm gcc/native/4.8.1443/arm-gnu-toolchain/bin/../lib/gcc/arm-none-eabi/4.8.4/../../../../arm-none-eabi/lib/armv7-m\libc.a(lib_a-findfp.o)
_cleanup_r                                        c:/program files (x86)/atmel/atmel toolchain/arm gcc/native/4.8.1443/arm-gnu-toolchain/bin/../lib/gcc/arm-none-eabi/4.8.4/../../../../arm-none-eabi/lib/armv7-m\libc.a(lib_a-findfp.o)
                                                  c:/program files (x86)/atmel/atmel toolchain/arm gcc/native/4.8.1443/arm-gnu-toolchain/bin/../lib/gcc/arm-none-eabi/4.8.4/../../../../arm-none-eabi/lib/armv7-m\libc.a(lib_a-makebuf.o)
_close                                            src/ASF/sam/utils/syscalls/gcc/syscalls.o
                                                  c:/program files (x86)/atmel/atmel toolchain/arm gcc/native/4.8.1443/arm-gnu-toolchain/bin/../lib/gcc/arm-none-eabi/4.8.4/../../../../arm-none-eabi/lib/armv7-m\libc.a(lib_a-closer.o)
_close_r                                          c:/program files (x86)/atmel/atmel toolchain/arm gcc/native/4.8.1443/arm-gnu-toolchain/bin/../lib/gcc/arm-none-eabi/4.8.4/../../../../arm-none-eabi/lib/armv7-m\libc.a(lib_a-closer.o)
                                                  c:/program files (x86)/atmel/atmel toolchain/arm gcc/native/4.8.1443/arm-gnu-toolchain/bin/../lib/gcc/arm-none-eabi/4.8.4/../../../../arm-none-eabi/lib/armv7-m\libc.a(lib_a-stdio.o)
_end                                              src/ASF/sam/utils/syscalls/gcc/syscalls.o
_erelocate                                        src/ASF/sam/utils/cmsis/sam3x/source/templates/gcc/startup_sam3x.o
_estack                                           src/ASF/sam/utils/cmsis/sam3x/source/templates/gcc/startup_sam3x.o
_etext                                            src/ASF/sam/utils/cmsis/sam3x/source/templates/gcc/startup_sam3x.o
_exit                                             src/ASF/sam/utils/syscalls/gcc/syscalls.o
                                                  c:/program files (x86)/atmel/atmel toolchain/arm gcc/native/4.8.1443/arm-gnu-toolchain/bin/../lib/gcc/arm-none-eabi/4.8.4/../../../../arm-none-eabi/lib/armv7-m\libc.a(lib_a-exit.o)
_ezero                                            src/ASF/sam/utils/cmsis/sam3x/source/templates/gcc/startup_sam3x.o
_fclose_r                                         c:/program files (x86)/atmel/atmel toolchain/arm gcc/native/4.8.1443/arm-gnu-toolchain/bin/../lib/gcc/arm-none-eabi/4.8.4/../../../../arm-none-eabi/lib/armv7-m\libc.a(lib_a-fclose.o)
_fflush_r                                         c:/program files (x86)/atmel/atmel toolchain/arm gcc/native/4.8.1443/arm-gnu-toolchain/bin/../lib/gcc/arm-none-eabi/4.8.4/../../../../arm-none-eabi/lib/armv7-m\libc.a(lib_a-fflush.o)
                                                  c:/program files (x86)/atmel/atmel toolchain/arm gcc/native/4.8.1443/arm-gnu-toolchain/bin/../lib/gcc/arm-none-eabi/4.8.4/../../../../arm-none-eabi/lib/armv7-m\libc.a(lib_a-fclose.o)
                                                  c:/program files (x86)/atmel/atmel toolchain/arm gcc/native/4.8.1443/arm-gnu-toolchain/bin/../lib/gcc/arm-none-eabi/4.8.4/../../../../arm-none-eabi/lib/armv7-m\libc.a(lib_a-wbuf.o)
                                                  c:/program files (x86)/atmel/atmel toolchain/arm gcc/native/4.8.1443/arm-gnu-toolchain/bin/../lib/gcc/arm-none-eabi/4.8.4/../../../../arm-none-eabi/lib/armv7-m\libc.a(lib_a-fvwrite.o)
                                                  c:/program files (x86)/atmel/atmel toolchain/arm gcc/native/4.8.1443/arm-gnu-toolchain/bin/../lib/gcc/arm-none-eabi/4.8.4/../../../../arm-none-eabi/lib/armv7-m\libc.a(lib_a-vfiprintf.o)
_fini                                             c:/program files (x86)/atmel/atmel toolchain/arm gcc/native/4.8.1443/arm-gnu-toolchain/bin/../lib/gcc/arm-none-eabi/4.8.4/armv7-m/crti.o
                                                  c:/program files (x86)/atmel/atmel toolchain/arm gcc/native/4.8.1443/arm-gnu-toolchain/bin/../lib/gcc/arm-none-eabi/4.8.4/../../../../arm-none-eabi/lib/armv7-m\libc.a(lib_a-fini.o)
_fputwc_r                                         c:/program files (x86)/atmel/atmel toolchain/arm gcc/native/4.8.1443/arm-gnu-toolchain/bin/../lib/gcc/arm-none-eabi/4.8.4/../../../../arm-none-eabi/lib/armv7-m\libc.a(lib_a-fputwc.o)
                                                  c:/program files (x86)/atmel/atmel toolchain/arm gcc/native/4.8.1443/arm-gnu-toolchain/bin/../lib/gcc/arm-none-eabi/4.8.4/../../../../arm-none-eabi/lib/armv7-m\libc.a(lib_a-vfiprintf.o)
_free_r                                           c:/program files (x86)/atmel/atmel toolchain/arm gcc/native/4.8.1443/arm-gnu-toolchain/bin/../lib/gcc/arm-none-eabi/4.8.4/../../../../arm-none-eabi/lib/armv7-m\libc.a(lib_a-freer.o)
                                                  c:/program files (x86)/atmel/atmel toolchain/arm gcc/native/4.8.1443/arm-gnu-toolchain/bin/../lib/gcc/arm-none-eabi/4.8.4/../../../../arm-none-eabi/lib/armv7-m\libc.a(lib_a-reent.o)
                                                  c:/program files (x86)/atmel/atmel toolchain/arm gcc/native/4.8.1443/arm-gnu-toolchain/bin/../lib/gcc/arm-none-eabi/4.8.4/../../../../arm-none-eabi/lib/armv7-m\libc.a(lib_a-fclose.o)
                                                  c:/program files (x86)/atmel/atmel toolchain/arm gcc/native/4.8.1443/arm-gnu-toolchain/bin/../lib/gcc/arm-none-eabi/4.8.4/../../../../arm-none-eabi/lib/armv7-m\libc.a(lib_a-reallocr.o)
                                                  c:/program files (x86)/atmel/atmel toolchain/arm gcc/native/4.8.1443/arm-gnu-toolchain/bin/../lib/gcc/arm-none-eabi/4.8.4/../../../../arm-none-eabi/lib/armv7-m\libc.a(lib_a-mallocr.o)
                                                  c:/program files (x86)/atmel/atmel toolchain/arm gcc/native/4.8.1443/arm-gnu-toolchain/bin/../lib/gcc/arm-none-eabi/4.8.4/../../../../arm-none-eabi/lib/armv7-m\libc.a(lib_a-fvwrite.o)
                                                  c:/program files (x86)/atmel/atmel toolchain/arm gcc/native/4.8.1443/arm-gnu-toolchain/bin/../lib/gcc/arm-none-eabi/4.8.4/../../../../arm-none-eabi/lib/armv7-m\libc.a(lib_a-fflush.o)
                                                  c:/program files (x86)/atmel/atmel toolchain/arm gcc/native/4.8.1443/arm-gnu-toolchain/bin/../lib/gcc/arm-none-eabi/4.8.4/../../../../arm-none-eabi/lib/armv7-m\libc.a(lib_a-wsetup.o)
_fstat                                            src/ASF/sam/utils/syscalls/gcc/syscalls.o
                                                  c:/program files (x86)/atmel/atmel toolchain/arm gcc/native/4.8.1443/arm-gnu-toolchain/bin/../lib/gcc/arm-none-eabi/4.8.4/../../../../arm-none-eabi/lib/armv7-m\libc.a(lib_a-fstatr.o)
_fstat_r                                          c:/program files (x86)/atmel/atmel toolchain/arm gcc/native/4.8.1443/arm-gnu-toolchain/bin/../lib/gcc/arm-none-eabi/4.8.4/../../../../arm-none-eabi/lib/armv7-m\libc.a(lib_a-fstatr.o)
                                                  c:/program files (x86)/atmel/atmel toolchain/arm gcc/native/4.8.1443/arm-gnu-toolchain/bin/../lib/gcc/arm-none-eabi/4.8.4/../../../../arm-none-eabi/lib/armv7-m\libc.a(lib_a-makebuf.o)
_fwalk                                            c:/program files (x86)/atmel/atmel toolchain/arm gcc/native/4.8.1443/arm-gnu-toolchain/bin/../lib/gcc/arm-none-eabi/4.8.4/../../../../arm-none-eabi/lib/armv7-m\libc.a(lib_a-fwalk.o)
                                                  c:/program files (x86)/atmel/atmel toolchain/arm gcc/native/4.8.1443/arm-gnu-toolchain/bin/../lib/gcc/arm-none-eabi/4.8.4/../../../../arm-none-eabi/lib/armv7-m\libc.a(lib_a-findfp.o)
_fwalk_reent                                      c:/program files (x86)/atmel/atmel toolchain/arm gcc/native/4.8.1443/arm-gnu-toolchain/bin/../lib/gcc/arm-none-eabi/4.8.4/../../../../arm-none-eabi/lib/armv7-m\libc.a(lib_a-fwalk.o)
                                                  c:/program files (x86)/atmel/atmel toolchain/arm gcc/native/4.8.1443/arm-gnu-toolchain/bin/../lib/gcc/arm-none-eabi/4.8.4/../../../../arm-none-eabi/lib/armv7-m\libc.a(lib_a-fflush.o)
_getpid                                           src/ASF/sam/utils/syscalls/gcc/syscalls.o
_global_impure_ptr                                c:/program files (x86)/atmel/atmel toolchain/arm gcc/native/4.8.1443/arm-gnu-toolchain/bin/../lib/gcc/arm-none-eabi/4.8.4/../../../../arm-none-eabi/lib/armv7-m\libc.a(lib_a-impure.o)
                                                  c:/program files (x86)/atmel/atmel toolchain/arm gcc/native/4.8.1443/arm-gnu-toolchain/bin/../lib/gcc/arm-none-eabi/4.8.4/../../../../arm-none-eabi/lib/armv7-m\libc.a(lib_a-__atexit.o)